###############################################################################
#
# IAR ELF Linker V8.40.2.214/W32 for ARM                  13/Mar/2025  20:03:11
# Copyright 2007-2019 IAR Systems AB.
#
#    Output file  =
#        C:\Users\nickh\Desktop\embedded\stm32l476
#        drivers\Debug\Exe\stm32l476_drivers.out
#    Map file     =
#        C:\Users\nickh\Desktop\embedded\stm32l476
#        drivers\Debug\List\stm32l476_drivers.map
#    Command line =
#        -f C:\Users\nickh\AppData\Local\Temp\EW485E.tmp
#        ("C:\Users\nickh\Desktop\embedded\stm32l476
#        drivers\Debug\Obj\gpio_driver.o"
#        "C:\Users\nickh\Desktop\embedded\stm32l476 drivers\Debug\Obj\main.o"
#        "C:\Users\nickh\Desktop\embedded\stm32l476
#        drivers\Debug\Obj\spi_driver.o"
#        "C:\Users\nickh\Desktop\embedded\stm32l476
#        drivers\Debug\Obj\startup.o"
#        "C:\Users\nickh\Desktop\embedded\stm32l476
#        drivers\Debug\Obj\startup_stm32l476xx.o" --no_out_extension -o
#        "C:\Users\nickh\Desktop\embedded\stm32l476
#        drivers\Debug\Exe\stm32l476_drivers.out" --redirect
#        _Printf=_PrintfFullNoMb --redirect _Scanf=_ScanfFullNoMb --map
#        "C:\Users\nickh\Desktop\embedded\stm32l476
#        drivers\Debug\List\stm32l476_drivers.map" --config "C:\Program Files
#        (x86)\IAR Systems\Embedded Workbench
#        8.3\arm\config\linker\ST\stm32l476xG.icf" --semihosting --entry
#        __iar_program_start --vfe --text_out locale)
#
###############################################################################

*******************************************************************************
*** RUNTIME MODEL ATTRIBUTES
***

CppFlavor       = *
__SystemLibrary = DLib
__dlib_version  = 6


*******************************************************************************
*** HEAP SELECTION
***

The basic heap was selected because no calls to memory allocation
functions were found in the application outside of system library
functions, and there are calls to deallocation functions in the
application.


*******************************************************************************
*** PLACEMENT SUMMARY
***

"A0":  place at address 0x800'0000 { ro section .intvec };
"P1":  place in [from 0x0 to 0x0] |
                [from 0x800'0000 to 0x80f'ffff] { ro };
define block CSTACK with size = 8K, alignment = 8 { };
define block PROC_STACK with size = 0, alignment = 8 { };
define block HEAP with size = 8K, alignment = 8 { };
"P3":  place in [from 0x2000'0000 to 0x2001'7fff] {
          rw, block CSTACK, block PROC_STACK, block HEAP };

No sections matched the following patterns:

  ro section application_specific_ro  in "P2|P5"
  rw                                  in "P3"
  rw section application_specific_rw  in "P2|P5"
  section .textrw                     in "P4"


  Section   Kind         Address    Size  Object
  -------   ----         -------    ----  ------
"A0":                              0x188
  .intvec   ro code   0x800'0000   0x188  startup_stm32l476xx.o [1]
                    - 0x800'0188   0x188

"P1":                              0x910
  .text     ro code   0x800'0188   0x5e8  gpio_driver.o [1]
  .text     ro code   0x800'0770    0xc4  main.o [1]
  .text     ro code   0x800'0834    0x66  ABImemset.o [4]
  .text     ro code   0x800'089c    0x22  fpinit_M.o [3]
  .text     ro code   0x800'08c0    0x1e  cmain.o [4]
  .text     ro code   0x800'08de     0x4  low_level_init.o [2]
  .text     ro code   0x800'08e2     0x4  exit.o [2]
  .text     ro code   0x800'08e8     0xa  cexit.o [4]
  .text     ro code   0x800'08f4    0x14  exit.o [5]
  .text     ro code   0x800'0908    0x10  startup.o [1]
  .text     ro code   0x800'0918    0x10  startup_stm32l476xx.o [1]
  .text     ro code   0x800'0928     0xc  cstartup_M.o [4]
  .text     ro code   0x800'0934     0x4  startup_stm32l476xx.o [1]
  .text     ro code   0x800'0938     0x4  startup_stm32l476xx.o [1]
  .text     ro code   0x800'093c     0x4  startup_stm32l476xx.o [1]
  .text     ro code   0x800'0940     0x4  startup_stm32l476xx.o [1]
  .text     ro code   0x800'0944     0x4  startup_stm32l476xx.o [1]
  .text     ro code   0x800'0948     0x4  startup_stm32l476xx.o [1]
  .text     ro code   0x800'094c     0x4  startup_stm32l476xx.o [1]
  .text     ro code   0x800'0950     0x4  startup_stm32l476xx.o [1]
  .text     ro code   0x800'0954     0x4  startup_stm32l476xx.o [1]
  .text     ro code   0x800'0958     0x4  startup_stm32l476xx.o [1]
  .text     ro code   0x800'095c     0x4  startup_stm32l476xx.o [1]
  .text     ro code   0x800'0960     0x4  startup_stm32l476xx.o [1]
  .text     ro code   0x800'0964     0x4  startup_stm32l476xx.o [1]
  .text     ro code   0x800'0968     0x4  startup_stm32l476xx.o [1]
  .text     ro code   0x800'096c     0x4  startup_stm32l476xx.o [1]
  .text     ro code   0x800'0970     0x4  startup_stm32l476xx.o [1]
  .text     ro code   0x800'0974     0x4  startup_stm32l476xx.o [1]
  .text     ro code   0x800'0978     0x4  startup_stm32l476xx.o [1]
  .text     ro code   0x800'097c     0x4  startup_stm32l476xx.o [1]
  .text     ro code   0x800'0980     0x4  startup_stm32l476xx.o [1]
  .text     ro code   0x800'0984     0x4  startup_stm32l476xx.o [1]
  .text     ro code   0x800'0988     0x4  startup_stm32l476xx.o [1]
  .text     ro code   0x800'098c     0x4  startup_stm32l476xx.o [1]
  .text     ro code   0x800'0990     0x4  startup_stm32l476xx.o [1]
  .text     ro code   0x800'0994     0x4  startup_stm32l476xx.o [1]
  .text     ro code   0x800'0998     0x4  startup_stm32l476xx.o [1]
  .text     ro code   0x800'099c     0x4  startup_stm32l476xx.o [1]
  .text     ro code   0x800'09a0     0x4  startup_stm32l476xx.o [1]
  .text     ro code   0x800'09a4     0x4  startup_stm32l476xx.o [1]
  .text     ro code   0x800'09a8     0x4  startup_stm32l476xx.o [1]
  .text     ro code   0x800'09ac     0x4  startup_stm32l476xx.o [1]
  .text     ro code   0x800'09b0     0x4  startup_stm32l476xx.o [1]
  .text     ro code   0x800'09b4     0x4  startup_stm32l476xx.o [1]
  .text     ro code   0x800'09b8     0x4  startup_stm32l476xx.o [1]
  .text     ro code   0x800'09bc     0x4  startup_stm32l476xx.o [1]
  .text     ro code   0x800'09c0     0x4  startup_stm32l476xx.o [1]
  .text     ro code   0x800'09c4     0x4  startup_stm32l476xx.o [1]
  .text     ro code   0x800'09c8     0x4  startup_stm32l476xx.o [1]
  .text     ro code   0x800'09cc     0x4  startup_stm32l476xx.o [1]
  .text     ro code   0x800'09d0     0x4  startup_stm32l476xx.o [1]
  .text     ro code   0x800'09d4     0x4  startup_stm32l476xx.o [1]
  .text     ro code   0x800'09d8     0x4  startup_stm32l476xx.o [1]
  .text     ro code   0x800'09dc     0x4  startup_stm32l476xx.o [1]
  .text     ro code   0x800'09e0     0x4  startup_stm32l476xx.o [1]
  .text     ro code   0x800'09e4     0x4  startup_stm32l476xx.o [1]
  .text     ro code   0x800'09e8     0x4  startup_stm32l476xx.o [1]
  .text     ro code   0x800'09ec     0x4  startup_stm32l476xx.o [1]
  .text     ro code   0x800'09f0     0x4  startup_stm32l476xx.o [1]
  .text     ro code   0x800'09f4     0x4  startup_stm32l476xx.o [1]
  .text     ro code   0x800'09f8     0x4  startup_stm32l476xx.o [1]
  .text     ro code   0x800'09fc     0x4  startup_stm32l476xx.o [1]
  .text     ro code   0x800'0a00     0x4  startup_stm32l476xx.o [1]
  .text     ro code   0x800'0a04     0x4  startup_stm32l476xx.o [1]
  .text     ro code   0x800'0a08     0x4  startup_stm32l476xx.o [1]
  .text     ro code   0x800'0a0c     0x4  startup_stm32l476xx.o [1]
  .text     ro code   0x800'0a10     0x4  startup_stm32l476xx.o [1]
  .text     ro code   0x800'0a14     0x4  startup_stm32l476xx.o [1]
  .text     ro code   0x800'0a18     0x4  startup_stm32l476xx.o [1]
  .text     ro code   0x800'0a1c     0x4  startup_stm32l476xx.o [1]
  .text     ro code   0x800'0a20     0x4  startup_stm32l476xx.o [1]
  .text     ro code   0x800'0a24     0x4  startup_stm32l476xx.o [1]
  .text     ro code   0x800'0a28     0x4  startup_stm32l476xx.o [1]
  .text     ro code   0x800'0a2c     0x4  startup_stm32l476xx.o [1]
  .text     ro code   0x800'0a30     0x4  startup_stm32l476xx.o [1]
  .text     ro code   0x800'0a34     0x4  startup_stm32l476xx.o [1]
  .text     ro code   0x800'0a38     0x4  startup_stm32l476xx.o [1]
  .text     ro code   0x800'0a3c     0x4  startup_stm32l476xx.o [1]
  .text     ro code   0x800'0a40     0x4  startup_stm32l476xx.o [1]
  .text     ro code   0x800'0a44     0x4  startup_stm32l476xx.o [1]
  .text     ro code   0x800'0a48     0x4  startup_stm32l476xx.o [1]
  .text     ro code   0x800'0a4c     0x4  startup_stm32l476xx.o [1]
  .text     ro code   0x800'0a50     0x4  startup_stm32l476xx.o [1]
  .text     ro code   0x800'0a54     0x4  startup_stm32l476xx.o [1]
  .text     ro code   0x800'0a58     0x4  startup_stm32l476xx.o [1]
  .text     ro code   0x800'0a5c     0x4  startup_stm32l476xx.o [1]
  .text     ro code   0x800'0a60     0x4  startup_stm32l476xx.o [1]
  .text     ro code   0x800'0a64     0x4  startup_stm32l476xx.o [1]
  .text     ro code   0x800'0a68     0x4  startup_stm32l476xx.o [1]
  .text     ro code   0x800'0a6c     0x4  startup_stm32l476xx.o [1]
  .text     ro code   0x800'0a70     0x4  startup_stm32l476xx.o [1]
  .text     ro code   0x800'0a74     0x4  startup_stm32l476xx.o [1]
  .text     ro code   0x800'0a78     0x4  startup_stm32l476xx.o [1]
  .text     ro code   0x800'0a7c     0x4  startup_stm32l476xx.o [1]
  .text     ro code   0x800'0a80     0x4  startup_stm32l476xx.o [1]
  .text     ro code   0x800'0a84     0x4  startup_stm32l476xx.o [1]
  .text     ro code   0x800'0a88     0x4  startup_stm32l476xx.o [1]
  .text     ro code   0x800'0a8c     0x4  startup_stm32l476xx.o [1]
  .text     ro code   0x800'0a90     0x4  startup_stm32l476xx.o [1]
  .text     ro code   0x800'0a94     0x4  startup_stm32l476xx.o [1]
                    - 0x800'0a98   0x910

"P3":                             0x2000
  CSTACK             0x2000'0000  0x2000  <Block>
    CSTACK  uninit   0x2000'0000  0x2000  <Block tail>
                   - 0x2000'2000  0x2000

Unused ranges:

         From           To      Size
         ----           --      ----
          0x0          0x0       0x1
   0x800'0a98   0x80f'ffff  0xf'f568
  0x2000'2000  0x2001'7fff  0x1'6000



*******************************************************************************
*** MODULE SUMMARY
***

    Module                 ro code  rw data
    ------                 -------  -------
command line/config:
    ---------------------------------------
    Total:

C:\Users\nickh\Desktop\embedded\stm32l476 drivers\Debug\Obj: [1]
    gpio_driver.o            1'512
    main.o                     196
    startup.o                   16
    startup_stm32l476xx.o      764
    ---------------------------------------
    Total:                   2'488

dl7M_tln.a: [2]
    exit.o                       4
    low_level_init.o             4
    ---------------------------------------
    Total:                       8

m7M_tls.a: [3]
    fpinit_M.o                  34
    ---------------------------------------
    Total:                      34

rt7M_tl.a: [4]
    ABImemset.o                102
    cexit.o                     10
    cmain.o                     30
    cstartup_M.o                12
    ---------------------------------------
    Total:                     154

shb_l.a: [5]
    exit.o                      20
    ---------------------------------------
    Total:                      20

    Gaps                         8
    Linker created                    8'192
-------------------------------------------
    Grand Total:             2'712    8'192


*******************************************************************************
*** ENTRY LIST
***

Entry                       Address   Size  Type      Object
-----                       -------   ----  ----      ------
?main                    0x800'08c1         Code  Gb  cmain.o [4]
CSTACK$$Base            0x2000'0000          --   Gb  - Linker created -
CSTACK$$Limit           0x2000'2000          --   Gb  - Linker created -
EXTI15_10_IRQHandler     0x800'081d   0x18  Code  Gb  main.o [1]
GPIO_IRQHandling         0x800'0701   0x16  Code  Gb  gpio_driver.o [1]
GPIO_IRQInterruptConfig
                         0x800'05d3   0xf0  Code  Gb  gpio_driver.o [1]
GPIO_IRQPriorityConfig   0x800'06c3   0x3e  Code  Gb  gpio_driver.o [1]
GPIO_Init                0x800'0319  0x2ae  Code  Gb  gpio_driver.o [1]
GPIO_PeripheralControl   0x800'0189  0x190  Code  Gb  gpio_driver.o [1]
GPIO_ToggleOutputPin     0x800'05c7    0xc  Code  Gb  gpio_driver.o [1]
Region$$Table$$Base             0x0          --   Gb  - Linker created -
Region$$Table$$Limit            0x0          --   Gb  - Linker created -
SystemInit               0x800'0909   0x10  Code  Gb  startup.o [1]
__aeabi_memset           0x800'0835         Code  Gb  ABImemset.o [4]
__cmain                  0x800'08c1         Code  Gb  cmain.o [4]
__exit                   0x800'08f5   0x14  Code  Gb  exit.o [5]
__iar_Memset             0x800'0835         Code  Gb  ABImemset.o [4]
__iar_Memset_word        0x800'083d         Code  Gb  ABImemset.o [4]
__iar_init_vfp           0x800'089d         Code  Gb  fpinit_M.o [3]
__iar_program_start      0x800'0929         Code  Gb  cstartup_M.o [4]
__low_level_init         0x800'08df    0x4  Code  Gb  low_level_init.o [2]
__vector_table           0x800'0000         Data  Gb  startup_stm32l476xx.o [1]
_call_main               0x800'08cd         Code  Gb  cmain.o [4]
_exit                    0x800'08e9         Code  Gb  cexit.o [4]
_main                    0x800'08db         Code  Gb  cmain.o [4]
delay                    0x800'0771    0xe  Code  Gb  main.o [1]
exit                     0x800'08e3    0x4  Code  Gb  exit.o [2]
main                     0x800'077f   0x96  Code  Gb  main.o [1]


[1] = C:\Users\nickh\Desktop\embedded\stm32l476 drivers\Debug\Obj
[2] = dl7M_tln.a
[3] = m7M_tls.a
[4] = rt7M_tl.a
[5] = shb_l.a

  2'712 bytes of readonly  code memory
  8'192 bytes of readwrite data memory

Errors: none
Warnings: none
