###############################################################################
#
# IAR ELF Linker V8.40.2.214/W32 for ARM                  01/May/2025  23:01:47
# Copyright 2007-2019 IAR Systems AB.
#
#    Output file  =
#        C:\Users\nickh\Desktop\embedded\stm32l476
#        drivers\Debug\Exe\stm32l476_drivers.out
#    Map file     =
#        C:\Users\nickh\Desktop\embedded\stm32l476
#        drivers\Debug\List\stm32l476_drivers.map
#    Command line =
#        -f C:\Users\nickh\AppData\Local\Temp\EW9A9C.tmp
#        ("C:\Users\nickh\Desktop\embedded\stm32l476
#        drivers\Debug\Obj\gpio_driver.o"
#        "C:\Users\nickh\Desktop\embedded\stm32l476
#        drivers\Debug\Obj\i2c_driver.o"
#        "C:\Users\nickh\Desktop\embedded\stm32l476 drivers\Debug\Obj\main.o"
#        "C:\Users\nickh\Desktop\embedded\stm32l476
#        drivers\Debug\Obj\rcc_driver.o"
#        "C:\Users\nickh\Desktop\embedded\stm32l476
#        drivers\Debug\Obj\spi_driver.o"
#        "C:\Users\nickh\Desktop\embedded\stm32l476
#        drivers\Debug\Obj\startup.o"
#        "C:\Users\nickh\Desktop\embedded\stm32l476
#        drivers\Debug\Obj\startup_stm32l476xx.o"
#        "C:\Users\nickh\Desktop\embedded\stm32l476
#        drivers\Debug\Obj\usart_driver.o" --no_out_extension -o
#        "C:\Users\nickh\Desktop\embedded\stm32l476
#        drivers\Debug\Exe\stm32l476_drivers.out" --redirect
#        _Printf=_PrintfFullNoMb --redirect _Scanf=_ScanfFullNoMb --map
#        "C:\Users\nickh\Desktop\embedded\stm32l476
#        drivers\Debug\List\stm32l476_drivers.map" --config "C:\Program Files
#        (x86)\IAR Systems\Embedded Workbench
#        8.3\arm\config\linker\ST\stm32l476xG.icf" --semihosting --entry
#        __iar_program_start --vfe --text_out locale)
#
###############################################################################

*******************************************************************************
*** RUNTIME MODEL ATTRIBUTES
***

CppFlavor       = *
__SystemLibrary = DLib
__dlib_version  = 6


*******************************************************************************
*** HEAP SELECTION
***

The basic heap was selected because no calls to memory allocation
functions were found in the application outside of system library
functions, and there are calls to deallocation functions in the
application.


*******************************************************************************
*** PLACEMENT SUMMARY
***

"A0":  place at address 0x800'0000 { ro section .intvec };
"P1":  place in [from 0x0 to 0x0] |
                [from 0x800'0000 to 0x80f'ffff] { ro };
define block CSTACK with size = 8K, alignment = 8 { };
define block PROC_STACK with size = 0, alignment = 8 { };
define block HEAP with size = 8K, alignment = 8 { };
"P3":  place in [from 0x2000'0000 to 0x2001'7fff] {
          rw, block CSTACK, block PROC_STACK, block HEAP };
initialize by copy { rw };

No sections matched the following patterns:

  ro section application_specific_ro  in "P2|P5"
  rw section application_specific_rw  in "P2|P5"
  section .textrw                     in "P4"


  Section            Kind         Address    Size  Object
  -------            ----         -------    ----  ------
"A0":                                       0x188
  .intvec            ro code   0x800'0000   0x188  startup_stm32l476xx.o [1]
                             - 0x800'0188   0x188

"P1":                                       0xe10
  .text              ro code   0x800'0188   0x484  gpio_driver.o [1]
  .text              ro code   0x800'060c   0x370  usart_driver.o [1]
  .text              ro code   0x800'097c   0x1c4  rcc_driver.o [1]
  .text              ro code   0x800'0b40   0x144  main.o [1]
  .text              ro code   0x800'0c84    0x2e  copy_init3.o [4]
  .text              ro code   0x800'0cb4    0x2c  iarttio.o [5]
  .text              ro code   0x800'0ce0     0xc  XShttio.o [2]
  .text              ro code   0x800'0cec    0x28  data_init.o [4]
  .text              ro code   0x800'0d14    0x22  fpinit_M.o [3]
  .iar.init_table    const     0x800'0d38    0x14  - Linker created -
  .text              ro code   0x800'0d4c    0x1e  cmain.o [4]
  .text              ro code   0x800'0d6a     0x4  low_level_init.o [2]
  .text              ro code   0x800'0d6e     0x4  exit.o [2]
  .text              ro code   0x800'0d74     0xa  cexit.o [4]
  .text              ro code   0x800'0d80    0x14  exit.o [5]
  .text              ro code   0x800'0d94    0x10  startup.o [1]
  .text              ro code   0x800'0da4    0x10  startup_stm32l476xx.o [1]
  .text              ro code   0x800'0db4     0xc  cstartup_M.o [4]
  .text              ro code   0x800'0dc0     0x4  startup_stm32l476xx.o [1]
  .text              ro code   0x800'0dc4     0x4  startup_stm32l476xx.o [1]
  .text              ro code   0x800'0dc8     0x4  startup_stm32l476xx.o [1]
  .text              ro code   0x800'0dcc     0x4  startup_stm32l476xx.o [1]
  .text              ro code   0x800'0dd0     0x4  startup_stm32l476xx.o [1]
  .text              ro code   0x800'0dd4     0x4  startup_stm32l476xx.o [1]
  .text              ro code   0x800'0dd8     0x4  startup_stm32l476xx.o [1]
  .text              ro code   0x800'0ddc     0x4  startup_stm32l476xx.o [1]
  .text              ro code   0x800'0de0     0x4  startup_stm32l476xx.o [1]
  .text              ro code   0x800'0de4     0x4  startup_stm32l476xx.o [1]
  .text              ro code   0x800'0de8     0x4  startup_stm32l476xx.o [1]
  .text              ro code   0x800'0dec     0x4  startup_stm32l476xx.o [1]
  .text              ro code   0x800'0df0     0x4  startup_stm32l476xx.o [1]
  .text              ro code   0x800'0df4     0x4  startup_stm32l476xx.o [1]
  .text              ro code   0x800'0df8     0x4  startup_stm32l476xx.o [1]
  .text              ro code   0x800'0dfc     0x4  startup_stm32l476xx.o [1]
  .text              ro code   0x800'0e00     0x4  startup_stm32l476xx.o [1]
  .text              ro code   0x800'0e04     0x4  startup_stm32l476xx.o [1]
  .text              ro code   0x800'0e08     0x4  startup_stm32l476xx.o [1]
  .text              ro code   0x800'0e0c     0x4  startup_stm32l476xx.o [1]
  .text              ro code   0x800'0e10     0x4  startup_stm32l476xx.o [1]
  .text              ro code   0x800'0e14     0x4  startup_stm32l476xx.o [1]
  .text              ro code   0x800'0e18     0x4  startup_stm32l476xx.o [1]
  .text              ro code   0x800'0e1c     0x4  startup_stm32l476xx.o [1]
  .text              ro code   0x800'0e20     0x4  startup_stm32l476xx.o [1]
  .text              ro code   0x800'0e24     0x4  startup_stm32l476xx.o [1]
  .text              ro code   0x800'0e28     0x4  startup_stm32l476xx.o [1]
  .text              ro code   0x800'0e2c     0x4  startup_stm32l476xx.o [1]
  .text              ro code   0x800'0e30     0x4  startup_stm32l476xx.o [1]
  .text              ro code   0x800'0e34     0x4  startup_stm32l476xx.o [1]
  .text              ro code   0x800'0e38     0x4  startup_stm32l476xx.o [1]
  .text              ro code   0x800'0e3c     0x4  startup_stm32l476xx.o [1]
  .text              ro code   0x800'0e40     0x4  startup_stm32l476xx.o [1]
  .text              ro code   0x800'0e44     0x4  startup_stm32l476xx.o [1]
  .text              ro code   0x800'0e48     0x4  startup_stm32l476xx.o [1]
  .text              ro code   0x800'0e4c     0x4  startup_stm32l476xx.o [1]
  .text              ro code   0x800'0e50     0x4  startup_stm32l476xx.o [1]
  .text              ro code   0x800'0e54     0x4  startup_stm32l476xx.o [1]
  .text              ro code   0x800'0e58     0x4  startup_stm32l476xx.o [1]
  .text              ro code   0x800'0e5c     0x4  startup_stm32l476xx.o [1]
  .text              ro code   0x800'0e60     0x4  startup_stm32l476xx.o [1]
  .text              ro code   0x800'0e64     0x4  startup_stm32l476xx.o [1]
  .text              ro code   0x800'0e68     0x4  startup_stm32l476xx.o [1]
  .text              ro code   0x800'0e6c     0x4  startup_stm32l476xx.o [1]
  .text              ro code   0x800'0e70     0x4  startup_stm32l476xx.o [1]
  .text              ro code   0x800'0e74     0x4  startup_stm32l476xx.o [1]
  .text              ro code   0x800'0e78     0x4  startup_stm32l476xx.o [1]
  .text              ro code   0x800'0e7c     0x4  startup_stm32l476xx.o [1]
  .text              ro code   0x800'0e80     0x4  startup_stm32l476xx.o [1]
  .text              ro code   0x800'0e84     0x4  startup_stm32l476xx.o [1]
  .text              ro code   0x800'0e88     0x4  startup_stm32l476xx.o [1]
  .text              ro code   0x800'0e8c     0x4  startup_stm32l476xx.o [1]
  .text              ro code   0x800'0e90     0x4  startup_stm32l476xx.o [1]
  .text              ro code   0x800'0e94     0x4  startup_stm32l476xx.o [1]
  .text              ro code   0x800'0e98     0x4  startup_stm32l476xx.o [1]
  .text              ro code   0x800'0e9c     0x4  startup_stm32l476xx.o [1]
  .text              ro code   0x800'0ea0     0x4  startup_stm32l476xx.o [1]
  .text              ro code   0x800'0ea4     0x4  startup_stm32l476xx.o [1]
  .text              ro code   0x800'0ea8     0x4  startup_stm32l476xx.o [1]
  .text              ro code   0x800'0eac     0x4  startup_stm32l476xx.o [1]
  .text              ro code   0x800'0eb0     0x4  startup_stm32l476xx.o [1]
  .text              ro code   0x800'0eb4     0x4  startup_stm32l476xx.o [1]
  .text              ro code   0x800'0eb8     0x4  startup_stm32l476xx.o [1]
  .text              ro code   0x800'0ebc     0x4  startup_stm32l476xx.o [1]
  .text              ro code   0x800'0ec0     0x4  startup_stm32l476xx.o [1]
  .text              ro code   0x800'0ec4     0x4  startup_stm32l476xx.o [1]
  .text              ro code   0x800'0ec8     0x4  startup_stm32l476xx.o [1]
  .text              ro code   0x800'0ecc     0x4  startup_stm32l476xx.o [1]
  .text              ro code   0x800'0ed0     0x4  startup_stm32l476xx.o [1]
  .text              ro code   0x800'0ed4     0x4  startup_stm32l476xx.o [1]
  .text              ro code   0x800'0ed8     0x4  startup_stm32l476xx.o [1]
  .text              ro code   0x800'0edc     0x4  startup_stm32l476xx.o [1]
  .text              ro code   0x800'0ee0     0x4  startup_stm32l476xx.o [1]
  .text              ro code   0x800'0ee4     0x4  startup_stm32l476xx.o [1]
  .text              ro code   0x800'0ee8     0x4  startup_stm32l476xx.o [1]
  .text              ro code   0x800'0eec     0x4  startup_stm32l476xx.o [1]
  .text              ro code   0x800'0ef0     0x4  startup_stm32l476xx.o [1]
  .text              ro code   0x800'0ef4     0x4  startup_stm32l476xx.o [1]
  .text              ro code   0x800'0ef8     0x4  startup_stm32l476xx.o [1]
  .text              ro code   0x800'0efc     0x4  startup_stm32l476xx.o [1]
  .text              ro code   0x800'0f00     0x4  startup_stm32l476xx.o [1]
  .text              ro code   0x800'0f04     0x4  startup_stm32l476xx.o [1]
  .text              ro code   0x800'0f08     0x4  startup_stm32l476xx.o [1]
  .text              ro code   0x800'0f0c     0x4  startup_stm32l476xx.o [1]
  .text              ro code   0x800'0f10     0x4  startup_stm32l476xx.o [1]
  .text              ro code   0x800'0f14     0x4  startup_stm32l476xx.o [1]
  .text              ro code   0x800'0f18     0x4  startup_stm32l476xx.o [1]
  .text              ro code   0x800'0f1c     0x4  startup_stm32l476xx.o [1]
  .text              ro code   0x800'0f20     0x4  startup_stm32l476xx.o [1]
  .text              ro code   0x800'0f24     0x4  startup_stm32l476xx.o [1]
  .rodata            const     0x800'0f28     0x0  copy_init3.o [4]
  Initializer bytes  const     0x800'0f28    0x70  <for P3 s0>
                             - 0x800'0f98   0xe10

"P3", part 1 of 2:                           0x70
  P3 s0                       0x2000'0000    0x70  <Init block>
    .bss             inited   0x2000'0000    0x28  main.o [1]
    .data            inited   0x2000'0028    0x18  rcc_driver.o [1]
    .data            inited   0x2000'0040    0x10  rcc_driver.o [1]
    .bss             inited   0x2000'0050    0x10  main.o [1]
    .data            inited   0x2000'0060     0x8  XShttio.o [2]
    .data            inited   0x2000'0068     0x4  rcc_driver.o [1]
    .data            inited   0x2000'006c     0x4  rcc_driver.o [1]
                            - 0x2000'0070    0x70

"P3", part 2 of 2:                         0x2000
  CSTACK                      0x2000'0070  0x2000  <Block>
    CSTACK           uninit   0x2000'0070  0x2000  <Block tail>
                            - 0x2000'2070  0x2000

Unused ranges:

         From           To      Size
         ----           --      ----
          0x0          0x0       0x1
   0x800'0f98   0x80f'ffff  0xf'f068
  0x2000'2070  0x2001'7fff  0x1'5f90


*******************************************************************************
*** INIT TABLE
***

          Address      Size
          -------      ----
Copy (__iar_copy_init3)
    1 source range, total size 0x70:
           0x800'0f28  0x70
    1 destination range, total size 0x70:
          0x2000'0000  0x70



*******************************************************************************
*** MODULE SUMMARY
***

    Module                 ro code  ro data  rw data
    ------                 -------  -------  -------
command line/config:
    ------------------------------------------------
    Total:

C:\Users\nickh\Desktop\embedded\stm32l476 drivers\Debug\Obj: [1]
    gpio_driver.o            1'156
    main.o                     324       56       56
    rcc_driver.o               452       48       48
    startup.o                   16
    startup_stm32l476xx.o      768
    usart_driver.o             880
    ------------------------------------------------
    Total:                   3'596      104      104

dl7M_tln.a: [2]
    XShttio.o                   12        8        8
    exit.o                       4
    low_level_init.o             4
    ------------------------------------------------
    Total:                      20        8        8

m7M_tls.a: [3]
    fpinit_M.o                  34
    ------------------------------------------------
    Total:                      34

rt7M_tl.a: [4]
    cexit.o                     10
    cmain.o                     30
    copy_init3.o                46
    cstartup_M.o                12
    data_init.o                 40
    ------------------------------------------------
    Total:                     138

shb_l.a: [5]
    exit.o                      20
    iarttio.o                   44
    ------------------------------------------------
    Total:                      64

    Gaps                         6        2
    Linker created                       20    8'192
----------------------------------------------------
    Grand Total:             3'858      134    8'304


*******************************************************************************
*** ENTRY LIST
***

Entry                       Address   Size  Type      Object
-----                       -------   ----  ----      ------
.iar.init_table$$Base    0x800'0d38          --   Gb  - Linker created -
.iar.init_table$$Limit   0x800'0d4c          --   Gb  - Linker created -
?main                    0x800'0d4d         Code  Gb  cmain.o [4]
AHB_PreScaler           0x2000'0040   0x10  Data  Gb  rcc_driver.o [1]
APB1_PreScaler          0x2000'0068    0x4  Data  Gb  rcc_driver.o [1]
APB2_PreScaler          0x2000'006c    0x4  Data  Gb  rcc_driver.o [1]
Button_init              0x800'0bb7   0x26  Code  Gb  main.o [1]
CSTACK$$Base            0x2000'0070          --   Gb  - Linker created -
CSTACK$$Limit           0x2000'2070          --   Gb  - Linker created -
GPIO_Init                0x800'0319  0x2ae  Code  Gb  gpio_driver.o [1]
GPIO_PeripheralControl   0x800'0189  0x190  Code  Gb  gpio_driver.o [1]
GPIO_ToggleOutputPin     0x800'05c7    0xc  Code  Gb  gpio_driver.o [1]
LED_Init                 0x800'0bdd   0x2e  Code  Gb  main.o [1]
MSI_Range               0x2000'0028   0x18  Data  Gb  rcc_driver.o [1]
RCC_GetMSIOutputClock    0x800'0981   0x1e  Code  Lc  rcc_driver.o [1]
RCC_GetPCLK1Value        0x800'099f   0x9e  Code  Gb  rcc_driver.o [1]
RCC_GetPCLK2Value        0x800'0a3d   0x96  Code  Gb  rcc_driver.o [1]
RCC_GetPLLOutputClock    0x800'097d    0x4  Code  Lc  rcc_driver.o [1]
Region$$Table$$Base      0x800'0d38          --   Gb  - Linker created -
Region$$Table$$Limit     0x800'0d4c          --   Gb  - Linker created -
SystemInit               0x800'0d95   0x10  Code  Gb  startup.o [1]
USART2Handle            0x2000'0000   0x28  Data  Gb  main.o [1]
USART_GPIOInits          0x800'0b4f   0x40  Code  Gb  main.o [1]
USART_GetFlagStatus      0x800'094d   0x14  Code  Gb  usart_driver.o [1]
USART_Init               0x800'0783   0xc8  Code  Gb  usart_driver.o [1]
USART_Inits              0x800'0b8f   0x28  Code  Gb  main.o [1]
USART_PeriClockControl   0x800'060d   0xe4  Code  Gb  usart_driver.o [1]
USART_PeripheralControl
                         0x800'06f1   0x1c  Code  Gb  usart_driver.o [1]
USART_ReceiveData        0x800'08c7   0x86  Code  Gb  usart_driver.o [1]
USART_SendData           0x800'084b   0x7c  Code  Gb  usart_driver.o [1]
USART_SetBaudRate        0x800'070d   0x76  Code  Lc  usart_driver.o [1]
__cmain                  0x800'0d4d         Code  Gb  cmain.o [4]
__exit                   0x800'0d81   0x14  Code  Gb  exit.o [5]
__iar_close_ttio         0x800'0cb5   0x2c  Code  Gb  iarttio.o [5]
__iar_copy_init3         0x800'0c85   0x2e  Code  Gb  copy_init3.o [4]
__iar_data_init3         0x800'0ced   0x28  Code  Gb  data_init.o [4]
__iar_init_vfp           0x800'0d15         Code  Gb  fpinit_M.o [3]
__iar_lookup_ttioh       0x800'0ce1    0x4  Code  Gb  XShttio.o [2]
__iar_program_start      0x800'0db5         Code  Gb  cstartup_M.o [4]
__iar_ttio_handles      0x2000'0060    0x8  Data  Lc  XShttio.o [2]
__low_level_init         0x800'0d6b    0x4  Code  Gb  low_level_init.o [2]
__vector_table           0x800'0000         Data  Gb  startup_stm32l476xx.o [1]
_call_main               0x800'0d59         Code  Gb  cmain.o [4]
_exit                    0x800'0d75         Code  Gb  cexit.o [4]
_main                    0x800'0d67         Code  Gb  cmain.o [4]
delay                    0x800'0b41    0xe  Code  Gb  main.o [1]
exit                     0x800'0d6f    0x4  Code  Gb  exit.o [2]
main                     0x800'0c0b   0x64  Code  Gb  main.o [1]
rcc                     0x2000'0050   0x10  Data  Gb  main.o [1]
setHSIclock              0x800'0ad3   0x4e  Code  Gb  rcc_driver.o [1]


[1] = C:\Users\nickh\Desktop\embedded\stm32l476 drivers\Debug\Obj
[2] = dl7M_tln.a
[3] = m7M_tls.a
[4] = rt7M_tl.a
[5] = shb_l.a

  3'858 bytes of readonly  code memory
    134 bytes of readonly  data memory
  8'304 bytes of readwrite data memory

Errors: none
Warnings: none
