###############################################################################
#
# IAR ELF Linker V8.40.2.214/W32 for ARM                  18/Apr/2025  19:01:42
# Copyright 2007-2019 IAR Systems AB.
#
#    Output file  =
#        C:\Users\nickh\Desktop\embedded\stm32l476
#        drivers\Debug\Exe\stm32l476_drivers.out
#    Map file     =
#        C:\Users\nickh\Desktop\embedded\stm32l476
#        drivers\Debug\List\stm32l476_drivers.map
#    Command line =
#        -f C:\Users\nickh\AppData\Local\Temp\EW8719.tmp
#        ("C:\Users\nickh\Desktop\embedded\stm32l476
#        drivers\Debug\Obj\gpio_driver.o"
#        "C:\Users\nickh\Desktop\embedded\stm32l476
#        drivers\Debug\Obj\i2c_driver.o"
#        "C:\Users\nickh\Desktop\embedded\stm32l476 drivers\Debug\Obj\main.o"
#        "C:\Users\nickh\Desktop\embedded\stm32l476
#        drivers\Debug\Obj\rcc_driver.o"
#        "C:\Users\nickh\Desktop\embedded\stm32l476
#        drivers\Debug\Obj\spi_driver.o"
#        "C:\Users\nickh\Desktop\embedded\stm32l476
#        drivers\Debug\Obj\startup.o"
#        "C:\Users\nickh\Desktop\embedded\stm32l476
#        drivers\Debug\Obj\startup_stm32l476xx.o"
#        "C:\Users\nickh\Desktop\embedded\stm32l476
#        drivers\Debug\Obj\usart_driver.o" --no_out_extension -o
#        "C:\Users\nickh\Desktop\embedded\stm32l476
#        drivers\Debug\Exe\stm32l476_drivers.out" --redirect
#        _Printf=_PrintfFullNoMb --redirect _Scanf=_ScanfFullNoMb --map
#        "C:\Users\nickh\Desktop\embedded\stm32l476
#        drivers\Debug\List\stm32l476_drivers.map" --config "C:\Program Files
#        (x86)\IAR Systems\Embedded Workbench
#        8.3\arm\config\linker\ST\stm32l476xG.icf" --semihosting --entry
#        __iar_program_start --vfe --text_out locale)
#
###############################################################################

*******************************************************************************
*** RUNTIME MODEL ATTRIBUTES
***

CppFlavor       = *
__SystemLibrary = DLib
__dlib_version  = 6


*******************************************************************************
*** HEAP SELECTION
***

The basic heap was selected because no calls to memory allocation
functions were found in the application outside of system library
functions, and there are calls to deallocation functions in the
application.


*******************************************************************************
*** PLACEMENT SUMMARY
***

"A0":  place at address 0x800'0000 { ro section .intvec };
"P1":  place in [from 0x0 to 0x0] |
                [from 0x800'0000 to 0x80f'ffff] { ro };
define block CSTACK with size = 8K, alignment = 8 { };
define block PROC_STACK with size = 0, alignment = 8 { };
define block HEAP with size = 8K, alignment = 8 { };
"P3":  place in [from 0x2000'0000 to 0x2001'7fff] {
          rw, block CSTACK, block PROC_STACK, block HEAP };
initialize by copy { rw };

No sections matched the following patterns:

  ro section application_specific_ro  in "P2|P5"
  rw section application_specific_rw  in "P2|P5"
  section .textrw                     in "P4"


  Section            Kind         Address    Size  Object
  -------            ----         -------    ----  ------
"A0":                                       0x188
  .intvec            ro code   0x800'0000   0x188  startup_stm32l476xx.o [1]
                             - 0x800'0188   0x188

"P1":                                       0xd94
  .text              ro code   0x800'0188   0x484  gpio_driver.o [1]
  .text              ro code   0x800'060c   0x374  usart_driver.o [1]
  .text              ro code   0x800'0980   0x178  rcc_driver.o [1]
  .text              ro code   0x800'0af8   0x138  main.o [1]
  .text              ro code   0x800'0c30    0x2e  copy_init3.o [4]
  .text              ro code   0x800'0c60    0x2c  iarttio.o [5]
  .text              ro code   0x800'0c8c     0xc  XShttio.o [2]
  .text              ro code   0x800'0c98    0x28  data_init.o [4]
  .text              ro code   0x800'0cc0    0x22  fpinit_M.o [3]
  .iar.init_table    const     0x800'0ce4    0x14  - Linker created -
  .text              ro code   0x800'0cf8    0x1e  cmain.o [4]
  .text              ro code   0x800'0d16     0x4  low_level_init.o [2]
  .text              ro code   0x800'0d1a     0x4  exit.o [2]
  .text              ro code   0x800'0d20     0xa  cexit.o [4]
  .text              ro code   0x800'0d2c    0x14  exit.o [5]
  .text              ro code   0x800'0d40    0x10  startup.o [1]
  .text              ro code   0x800'0d50    0x10  startup_stm32l476xx.o [1]
  .text              ro code   0x800'0d60     0xc  cstartup_M.o [4]
  .text              ro code   0x800'0d6c     0x4  startup_stm32l476xx.o [1]
  .text              ro code   0x800'0d70     0x4  startup_stm32l476xx.o [1]
  .text              ro code   0x800'0d74     0x4  startup_stm32l476xx.o [1]
  .text              ro code   0x800'0d78     0x4  startup_stm32l476xx.o [1]
  .text              ro code   0x800'0d7c     0x4  startup_stm32l476xx.o [1]
  .text              ro code   0x800'0d80     0x4  startup_stm32l476xx.o [1]
  .text              ro code   0x800'0d84     0x4  startup_stm32l476xx.o [1]
  .text              ro code   0x800'0d88     0x4  startup_stm32l476xx.o [1]
  .text              ro code   0x800'0d8c     0x4  startup_stm32l476xx.o [1]
  .text              ro code   0x800'0d90     0x4  startup_stm32l476xx.o [1]
  .text              ro code   0x800'0d94     0x4  startup_stm32l476xx.o [1]
  .text              ro code   0x800'0d98     0x4  startup_stm32l476xx.o [1]
  .text              ro code   0x800'0d9c     0x4  startup_stm32l476xx.o [1]
  .text              ro code   0x800'0da0     0x4  startup_stm32l476xx.o [1]
  .text              ro code   0x800'0da4     0x4  startup_stm32l476xx.o [1]
  .text              ro code   0x800'0da8     0x4  startup_stm32l476xx.o [1]
  .text              ro code   0x800'0dac     0x4  startup_stm32l476xx.o [1]
  .text              ro code   0x800'0db0     0x4  startup_stm32l476xx.o [1]
  .text              ro code   0x800'0db4     0x4  startup_stm32l476xx.o [1]
  .text              ro code   0x800'0db8     0x4  startup_stm32l476xx.o [1]
  .text              ro code   0x800'0dbc     0x4  startup_stm32l476xx.o [1]
  .text              ro code   0x800'0dc0     0x4  startup_stm32l476xx.o [1]
  .text              ro code   0x800'0dc4     0x4  startup_stm32l476xx.o [1]
  .text              ro code   0x800'0dc8     0x4  startup_stm32l476xx.o [1]
  .text              ro code   0x800'0dcc     0x4  startup_stm32l476xx.o [1]
  .text              ro code   0x800'0dd0     0x4  startup_stm32l476xx.o [1]
  .text              ro code   0x800'0dd4     0x4  startup_stm32l476xx.o [1]
  .text              ro code   0x800'0dd8     0x4  startup_stm32l476xx.o [1]
  .text              ro code   0x800'0ddc     0x4  startup_stm32l476xx.o [1]
  .text              ro code   0x800'0de0     0x4  startup_stm32l476xx.o [1]
  .text              ro code   0x800'0de4     0x4  startup_stm32l476xx.o [1]
  .text              ro code   0x800'0de8     0x4  startup_stm32l476xx.o [1]
  .text              ro code   0x800'0dec     0x4  startup_stm32l476xx.o [1]
  .text              ro code   0x800'0df0     0x4  startup_stm32l476xx.o [1]
  .text              ro code   0x800'0df4     0x4  startup_stm32l476xx.o [1]
  .text              ro code   0x800'0df8     0x4  startup_stm32l476xx.o [1]
  .text              ro code   0x800'0dfc     0x4  startup_stm32l476xx.o [1]
  .text              ro code   0x800'0e00     0x4  startup_stm32l476xx.o [1]
  .text              ro code   0x800'0e04     0x4  startup_stm32l476xx.o [1]
  .text              ro code   0x800'0e08     0x4  startup_stm32l476xx.o [1]
  .text              ro code   0x800'0e0c     0x4  startup_stm32l476xx.o [1]
  .text              ro code   0x800'0e10     0x4  startup_stm32l476xx.o [1]
  .text              ro code   0x800'0e14     0x4  startup_stm32l476xx.o [1]
  .text              ro code   0x800'0e18     0x4  startup_stm32l476xx.o [1]
  .text              ro code   0x800'0e1c     0x4  startup_stm32l476xx.o [1]
  .text              ro code   0x800'0e20     0x4  startup_stm32l476xx.o [1]
  .text              ro code   0x800'0e24     0x4  startup_stm32l476xx.o [1]
  .text              ro code   0x800'0e28     0x4  startup_stm32l476xx.o [1]
  .text              ro code   0x800'0e2c     0x4  startup_stm32l476xx.o [1]
  .text              ro code   0x800'0e30     0x4  startup_stm32l476xx.o [1]
  .text              ro code   0x800'0e34     0x4  startup_stm32l476xx.o [1]
  .text              ro code   0x800'0e38     0x4  startup_stm32l476xx.o [1]
  .text              ro code   0x800'0e3c     0x4  startup_stm32l476xx.o [1]
  .text              ro code   0x800'0e40     0x4  startup_stm32l476xx.o [1]
  .text              ro code   0x800'0e44     0x4  startup_stm32l476xx.o [1]
  .text              ro code   0x800'0e48     0x4  startup_stm32l476xx.o [1]
  .text              ro code   0x800'0e4c     0x4  startup_stm32l476xx.o [1]
  .text              ro code   0x800'0e50     0x4  startup_stm32l476xx.o [1]
  .text              ro code   0x800'0e54     0x4  startup_stm32l476xx.o [1]
  .text              ro code   0x800'0e58     0x4  startup_stm32l476xx.o [1]
  .text              ro code   0x800'0e5c     0x4  startup_stm32l476xx.o [1]
  .text              ro code   0x800'0e60     0x4  startup_stm32l476xx.o [1]
  .text              ro code   0x800'0e64     0x4  startup_stm32l476xx.o [1]
  .text              ro code   0x800'0e68     0x4  startup_stm32l476xx.o [1]
  .text              ro code   0x800'0e6c     0x4  startup_stm32l476xx.o [1]
  .text              ro code   0x800'0e70     0x4  startup_stm32l476xx.o [1]
  .text              ro code   0x800'0e74     0x4  startup_stm32l476xx.o [1]
  .text              ro code   0x800'0e78     0x4  startup_stm32l476xx.o [1]
  .text              ro code   0x800'0e7c     0x4  startup_stm32l476xx.o [1]
  .text              ro code   0x800'0e80     0x4  startup_stm32l476xx.o [1]
  .text              ro code   0x800'0e84     0x4  startup_stm32l476xx.o [1]
  .text              ro code   0x800'0e88     0x4  startup_stm32l476xx.o [1]
  .text              ro code   0x800'0e8c     0x4  startup_stm32l476xx.o [1]
  .text              ro code   0x800'0e90     0x4  startup_stm32l476xx.o [1]
  .text              ro code   0x800'0e94     0x4  startup_stm32l476xx.o [1]
  .text              ro code   0x800'0e98     0x4  startup_stm32l476xx.o [1]
  .text              ro code   0x800'0e9c     0x4  startup_stm32l476xx.o [1]
  .text              ro code   0x800'0ea0     0x4  startup_stm32l476xx.o [1]
  .text              ro code   0x800'0ea4     0x4  startup_stm32l476xx.o [1]
  .text              ro code   0x800'0ea8     0x4  startup_stm32l476xx.o [1]
  .text              ro code   0x800'0eac     0x4  startup_stm32l476xx.o [1]
  .text              ro code   0x800'0eb0     0x4  startup_stm32l476xx.o [1]
  .text              ro code   0x800'0eb4     0x4  startup_stm32l476xx.o [1]
  .text              ro code   0x800'0eb8     0x4  startup_stm32l476xx.o [1]
  .text              ro code   0x800'0ebc     0x4  startup_stm32l476xx.o [1]
  .text              ro code   0x800'0ec0     0x4  startup_stm32l476xx.o [1]
  .text              ro code   0x800'0ec4     0x4  startup_stm32l476xx.o [1]
  .text              ro code   0x800'0ec8     0x4  startup_stm32l476xx.o [1]
  .text              ro code   0x800'0ecc     0x4  startup_stm32l476xx.o [1]
  .text              ro code   0x800'0ed0     0x4  startup_stm32l476xx.o [1]
  .rodata            const     0x800'0ed4     0x0  copy_init3.o [4]
  Initializer bytes  const     0x800'0ed4    0x48  <for P3 s0>
                             - 0x800'0f1c   0xd94

"P3", part 1 of 2:                           0x48
  P3 s0                       0x2000'0000    0x48  <Init block>
    .bss             inited   0x2000'0000    0x28  main.o [1]
    .data            inited   0x2000'0028    0x10  rcc_driver.o [1]
    .data            inited   0x2000'0038     0x8  XShttio.o [2]
    .data            inited   0x2000'0040     0x4  rcc_driver.o [1]
    .data            inited   0x2000'0044     0x4  rcc_driver.o [1]
                            - 0x2000'0048    0x48

"P3", part 2 of 2:                         0x2000
  CSTACK                      0x2000'0048  0x2000  <Block>
    CSTACK           uninit   0x2000'0048  0x2000  <Block tail>
                            - 0x2000'2048  0x2000

Unused ranges:

         From           To      Size
         ----           --      ----
          0x0          0x0       0x1
   0x800'0f1c   0x80f'ffff  0xf'f0e4
  0x2000'2048  0x2001'7fff  0x1'5fb8


*******************************************************************************
*** INIT TABLE
***

          Address      Size
          -------      ----
Copy (__iar_copy_init3)
    1 source range, total size 0x48:
           0x800'0ed4  0x48
    1 destination range, total size 0x48:
          0x2000'0000  0x48



*******************************************************************************
*** MODULE SUMMARY
***

    Module                 ro code  ro data  rw data
    ------                 -------  -------  -------
command line/config:
    ------------------------------------------------
    Total:

C:\Users\nickh\Desktop\embedded\stm32l476 drivers\Debug\Obj: [1]
    gpio_driver.o            1'156
    main.o                     312       40       40
    rcc_driver.o               376       24       24
    startup.o                   16
    startup_stm32l476xx.o      768
    usart_driver.o             884
    ------------------------------------------------
    Total:                   3'512       64       64

dl7M_tln.a: [2]
    XShttio.o                   12        8        8
    exit.o                       4
    low_level_init.o             4
    ------------------------------------------------
    Total:                      20        8        8

m7M_tls.a: [3]
    fpinit_M.o                  34
    ------------------------------------------------
    Total:                      34

rt7M_tl.a: [4]
    cexit.o                     10
    cmain.o                     30
    copy_init3.o                46
    cstartup_M.o                12
    data_init.o                 40
    ------------------------------------------------
    Total:                     138

shb_l.a: [5]
    exit.o                      20
    iarttio.o                   44
    ------------------------------------------------
    Total:                      64

    Gaps                         6        2
    Linker created                       20    8'192
----------------------------------------------------
    Grand Total:             3'774       94    8'264


*******************************************************************************
*** ENTRY LIST
***

Entry                       Address   Size  Type      Object
-----                       -------   ----  ----      ------
.iar.init_table$$Base    0x800'0ce4          --   Gb  - Linker created -
.iar.init_table$$Limit   0x800'0cf8          --   Gb  - Linker created -
?main                    0x800'0cf9         Code  Gb  cmain.o [4]
AHB_PreScaler           0x2000'0028   0x10  Data  Gb  rcc_driver.o [1]
APB1_PreScaler          0x2000'0040    0x4  Data  Gb  rcc_driver.o [1]
APB2_PreScaler          0x2000'0044    0x4  Data  Gb  rcc_driver.o [1]
Button_init              0x800'0b6f   0x26  Code  Gb  main.o [1]
CSTACK$$Base            0x2000'0048          --   Gb  - Linker created -
CSTACK$$Limit           0x2000'2048          --   Gb  - Linker created -
GPIO_Init                0x800'0319  0x2ae  Code  Gb  gpio_driver.o [1]
GPIO_PeripheralControl   0x800'0189  0x190  Code  Gb  gpio_driver.o [1]
GPIO_ToggleOutputPin     0x800'05c7    0xc  Code  Gb  gpio_driver.o [1]
LED_Init                 0x800'0b95   0x2e  Code  Gb  main.o [1]
RCC_GetMSIOutputClock    0x800'0985    0x4  Code  Gb  rcc_driver.o [1]
RCC_GetPCLK1Value        0x800'0989   0x96  Code  Gb  rcc_driver.o [1]
RCC_GetPCLK2Value        0x800'0a1f   0x96  Code  Gb  rcc_driver.o [1]
RCC_GetPLLOutputClock    0x800'0981    0x4  Code  Gb  rcc_driver.o [1]
Region$$Table$$Base      0x800'0ce4          --   Gb  - Linker created -
Region$$Table$$Limit     0x800'0cf8          --   Gb  - Linker created -
SystemInit               0x800'0d41   0x10  Code  Gb  startup.o [1]
USART2Handle            0x2000'0000   0x28  Data  Gb  main.o [1]
USART_GPIOInits          0x800'0b07   0x40  Code  Gb  main.o [1]
USART_GetFlagStatus      0x800'0951   0x14  Code  Gb  usart_driver.o [1]
USART_Init               0x800'0783   0xcc  Code  Gb  usart_driver.o [1]
USART_Inits              0x800'0b47   0x28  Code  Gb  main.o [1]
USART_PeriClockControl   0x800'060d   0xe4  Code  Gb  usart_driver.o [1]
USART_PeripheralControl
                         0x800'06f1   0x1c  Code  Gb  usart_driver.o [1]
USART_ReceiveData        0x800'08cb   0x86  Code  Gb  usart_driver.o [1]
USART_SendData           0x800'084f   0x7c  Code  Gb  usart_driver.o [1]
USART_SetBaudRate        0x800'070d   0x76  Code  Lc  usart_driver.o [1]
__cmain                  0x800'0cf9         Code  Gb  cmain.o [4]
__exit                   0x800'0d2d   0x14  Code  Gb  exit.o [5]
__iar_close_ttio         0x800'0c61   0x2c  Code  Gb  iarttio.o [5]
__iar_copy_init3         0x800'0c31   0x2e  Code  Gb  copy_init3.o [4]
__iar_data_init3         0x800'0c99   0x28  Code  Gb  data_init.o [4]
__iar_init_vfp           0x800'0cc1         Code  Gb  fpinit_M.o [3]
__iar_lookup_ttioh       0x800'0c8d    0x4  Code  Gb  XShttio.o [2]
__iar_program_start      0x800'0d61         Code  Gb  cstartup_M.o [4]
__iar_ttio_handles      0x2000'0038    0x8  Data  Lc  XShttio.o [2]
__low_level_init         0x800'0d17    0x4  Code  Gb  low_level_init.o [2]
__vector_table           0x800'0000         Data  Gb  startup_stm32l476xx.o [1]
_call_main               0x800'0d05         Code  Gb  cmain.o [4]
_exit                    0x800'0d21         Code  Gb  cexit.o [4]
_main                    0x800'0d13         Code  Gb  cmain.o [4]
delay                    0x800'0af9    0xe  Code  Gb  main.o [1]
exit                     0x800'0d1b    0x4  Code  Gb  exit.o [2]
main                     0x800'0bc3   0x5e  Code  Gb  main.o [1]
setHSIclock              0x800'0ab5   0x26  Code  Gb  rcc_driver.o [1]


[1] = C:\Users\nickh\Desktop\embedded\stm32l476 drivers\Debug\Obj
[2] = dl7M_tln.a
[3] = m7M_tls.a
[4] = rt7M_tl.a
[5] = shb_l.a

  3'774 bytes of readonly  code memory
     94 bytes of readonly  data memory
  8'264 bytes of readwrite data memory

Errors: none
Warnings: none
