###############################################################################
#
# IAR ELF Linker V8.40.2.214/W32 for ARM                  17/Jun/2025  20:58:16
# Copyright 2007-2019 IAR Systems AB.
#
#    Output file  =
#        C:\Users\nickh\Desktop\embedded\stm32l476
#        drivers\Debug\Exe\stm32l476_drivers.out
#    Map file     =
#        C:\Users\nickh\Desktop\embedded\stm32l476
#        drivers\Debug\List\stm32l476_drivers.map
#    Command line =
#        -f C:\Users\nickh\AppData\Local\Temp\EW4AE9.tmp
#        ("C:\Users\nickh\Desktop\embedded\stm32l476
#        drivers\Debug\Obj\gpio_driver.o"
#        "C:\Users\nickh\Desktop\embedded\stm32l476
#        drivers\Debug\Obj\i2c_driver.o"
#        "C:\Users\nickh\Desktop\embedded\stm32l476 drivers\Debug\Obj\lcd.o"
#        "C:\Users\nickh\Desktop\embedded\stm32l476 drivers\Debug\Obj\main.o"
#        "C:\Users\nickh\Desktop\embedded\stm32l476
#        drivers\Debug\Obj\rcc_driver.o"
#        "C:\Users\nickh\Desktop\embedded\stm32l476
#        drivers\Debug\Obj\spi_driver.o"
#        "C:\Users\nickh\Desktop\embedded\stm32l476
#        drivers\Debug\Obj\startup.o"
#        "C:\Users\nickh\Desktop\embedded\stm32l476
#        drivers\Debug\Obj\startup_stm32l476xx.o"
#        "C:\Users\nickh\Desktop\embedded\stm32l476
#        drivers\Debug\Obj\usart_driver.o" --no_out_extension -o
#        "C:\Users\nickh\Desktop\embedded\stm32l476
#        drivers\Debug\Exe\stm32l476_drivers.out" --redirect
#        _Printf=_PrintfFullNoMb --redirect _Scanf=_ScanfFullNoMb --map
#        "C:\Users\nickh\Desktop\embedded\stm32l476
#        drivers\Debug\List\stm32l476_drivers.map" --config "C:\Program Files
#        (x86)\IAR Systems\Embedded Workbench
#        8.3\arm\config\linker\ST\stm32l476xG.icf" --semihosting --entry
#        __iar_program_start --vfe --text_out locale)
#
###############################################################################

*******************************************************************************
*** RUNTIME MODEL ATTRIBUTES
***

CppFlavor       = *
__SystemLibrary = DLib
__dlib_version  = 6


*******************************************************************************
*** HEAP SELECTION
***

The basic heap was selected because no calls to memory allocation
functions were found in the application outside of system library
functions, and there are calls to deallocation functions in the
application.


*******************************************************************************
*** PLACEMENT SUMMARY
***

"A0":  place at address 0x800'0000 { ro section .intvec };
"P1":  place in [from 0x0 to 0x0] |
                [from 0x800'0000 to 0x80f'ffff] { ro };
define block CSTACK with size = 8K, alignment = 8 { };
define block PROC_STACK with size = 0, alignment = 8 { };
define block HEAP with size = 8K, alignment = 8 { };
"P3":  place in [from 0x2000'0000 to 0x2001'7fff] {
          rw, block CSTACK, block PROC_STACK, block HEAP };
initialize by copy { rw };

No sections matched the following patterns:

  ro section application_specific_ro  in "P2|P5"
  rw section application_specific_rw  in "P2|P5"
  section .textrw                     in "P4"


  Section            Kind         Address    Size  Object
  -------            ----         -------    ----  ------
"A0":                                       0x188
  .intvec            ro code   0x800'0000   0x188  startup_stm32l476xx.o [1]
                             - 0x800'0188   0x188

"P1":                                      0x13ac
  .text              ro code   0x800'0188   0x600  gpio_driver.o [1]
  .text              ro code   0x800'0788   0x440  main.o [1]
  .text              ro code   0x800'0bc8    0x62  rcc_driver.o [1]
  .text              ro code   0x800'0c2a    0x2e  copy_init3.o [4]
  .text              ro code   0x800'0c58   0x160  spi_driver.o [1]
  .text              ro code   0x800'0db8    0x66  ABImemset.o [4]
  .rodata            const     0x800'0e1e     0x2  main.o [1]
  .text              ro code   0x800'0e20    0x86  ABImemcpy.o [4]
  .text              ro code   0x800'0ea8   0x194  lcd.o [1]
  .text              ro code   0x800'103c    0x36  strlen.o [4]
  .rodata            const     0x800'1074   0x1dc  lcd.o [1]
  .text              ro code   0x800'1250    0x2c  iarttio.o [5]
  .text              ro code   0x800'127c     0xc  XShttio.o [2]
  .text              ro code   0x800'1288    0x28  data_init.o [4]
  .text              ro code   0x800'12b0    0x22  fpinit_M.o [3]
  .iar.init_table    const     0x800'12d4    0x14  - Linker created -
  .text              ro code   0x800'12e8    0x1e  cmain.o [4]
  .text              ro code   0x800'1306     0x4  low_level_init.o [2]
  .text              ro code   0x800'130a     0x4  exit.o [2]
  .text              ro code   0x800'1310     0xa  cexit.o [4]
  .text              ro code   0x800'131c    0x14  exit.o [5]
  .rodata            const     0x800'1330    0x18  main.o [1]
  .text              ro code   0x800'1348    0x10  startup.o [1]
  .text              ro code   0x800'1358    0x10  startup_stm32l476xx.o [1]
  .rodata            const     0x800'1368     0xc  main.o [1]
  .rodata            const     0x800'1374     0xc  main.o [1]
  .rodata            const     0x800'1380     0xc  main.o [1]
  .rodata            const     0x800'138c     0xc  main.o [1]
  .rodata            const     0x800'1398     0xc  main.o [1]
  .rodata            const     0x800'13a4     0xc  main.o [1]
  .text              ro code   0x800'13b0     0xc  cstartup_M.o [4]
  .rodata            const     0x800'13bc     0x8  main.o [1]
  .text              ro code   0x800'13c4     0x4  startup_stm32l476xx.o [1]
  .text              ro code   0x800'13c8     0x4  startup_stm32l476xx.o [1]
  .text              ro code   0x800'13cc     0x4  startup_stm32l476xx.o [1]
  .text              ro code   0x800'13d0     0x4  startup_stm32l476xx.o [1]
  .text              ro code   0x800'13d4     0x4  startup_stm32l476xx.o [1]
  .text              ro code   0x800'13d8     0x4  startup_stm32l476xx.o [1]
  .text              ro code   0x800'13dc     0x4  startup_stm32l476xx.o [1]
  .text              ro code   0x800'13e0     0x4  startup_stm32l476xx.o [1]
  .text              ro code   0x800'13e4     0x4  startup_stm32l476xx.o [1]
  .text              ro code   0x800'13e8     0x4  startup_stm32l476xx.o [1]
  .text              ro code   0x800'13ec     0x4  startup_stm32l476xx.o [1]
  .text              ro code   0x800'13f0     0x4  startup_stm32l476xx.o [1]
  .text              ro code   0x800'13f4     0x4  startup_stm32l476xx.o [1]
  .text              ro code   0x800'13f8     0x4  startup_stm32l476xx.o [1]
  .text              ro code   0x800'13fc     0x4  startup_stm32l476xx.o [1]
  .text              ro code   0x800'1400     0x4  startup_stm32l476xx.o [1]
  .text              ro code   0x800'1404     0x4  startup_stm32l476xx.o [1]
  .text              ro code   0x800'1408     0x4  startup_stm32l476xx.o [1]
  .text              ro code   0x800'140c     0x4  startup_stm32l476xx.o [1]
  .text              ro code   0x800'1410     0x4  startup_stm32l476xx.o [1]
  .text              ro code   0x800'1414     0x4  startup_stm32l476xx.o [1]
  .text              ro code   0x800'1418     0x4  startup_stm32l476xx.o [1]
  .text              ro code   0x800'141c     0x4  startup_stm32l476xx.o [1]
  .text              ro code   0x800'1420     0x4  startup_stm32l476xx.o [1]
  .text              ro code   0x800'1424     0x4  startup_stm32l476xx.o [1]
  .text              ro code   0x800'1428     0x4  startup_stm32l476xx.o [1]
  .text              ro code   0x800'142c     0x4  startup_stm32l476xx.o [1]
  .text              ro code   0x800'1430     0x4  startup_stm32l476xx.o [1]
  .text              ro code   0x800'1434     0x4  startup_stm32l476xx.o [1]
  .text              ro code   0x800'1438     0x4  startup_stm32l476xx.o [1]
  .text              ro code   0x800'143c     0x4  startup_stm32l476xx.o [1]
  .text              ro code   0x800'1440     0x4  startup_stm32l476xx.o [1]
  .text              ro code   0x800'1444     0x4  startup_stm32l476xx.o [1]
  .text              ro code   0x800'1448     0x4  startup_stm32l476xx.o [1]
  .text              ro code   0x800'144c     0x4  startup_stm32l476xx.o [1]
  .text              ro code   0x800'1450     0x4  startup_stm32l476xx.o [1]
  .text              ro code   0x800'1454     0x4  startup_stm32l476xx.o [1]
  .text              ro code   0x800'1458     0x4  startup_stm32l476xx.o [1]
  .text              ro code   0x800'145c     0x4  startup_stm32l476xx.o [1]
  .text              ro code   0x800'1460     0x4  startup_stm32l476xx.o [1]
  .text              ro code   0x800'1464     0x4  startup_stm32l476xx.o [1]
  .text              ro code   0x800'1468     0x4  startup_stm32l476xx.o [1]
  .text              ro code   0x800'146c     0x4  startup_stm32l476xx.o [1]
  .text              ro code   0x800'1470     0x4  startup_stm32l476xx.o [1]
  .text              ro code   0x800'1474     0x4  startup_stm32l476xx.o [1]
  .text              ro code   0x800'1478     0x4  startup_stm32l476xx.o [1]
  .text              ro code   0x800'147c     0x4  startup_stm32l476xx.o [1]
  .text              ro code   0x800'1480     0x4  startup_stm32l476xx.o [1]
  .text              ro code   0x800'1484     0x4  startup_stm32l476xx.o [1]
  .text              ro code   0x800'1488     0x4  startup_stm32l476xx.o [1]
  .text              ro code   0x800'148c     0x4  startup_stm32l476xx.o [1]
  .text              ro code   0x800'1490     0x4  startup_stm32l476xx.o [1]
  .text              ro code   0x800'1494     0x4  startup_stm32l476xx.o [1]
  .text              ro code   0x800'1498     0x4  startup_stm32l476xx.o [1]
  .text              ro code   0x800'149c     0x4  startup_stm32l476xx.o [1]
  .text              ro code   0x800'14a0     0x4  startup_stm32l476xx.o [1]
  .text              ro code   0x800'14a4     0x4  startup_stm32l476xx.o [1]
  .text              ro code   0x800'14a8     0x4  startup_stm32l476xx.o [1]
  .text              ro code   0x800'14ac     0x4  startup_stm32l476xx.o [1]
  .text              ro code   0x800'14b0     0x4  startup_stm32l476xx.o [1]
  .text              ro code   0x800'14b4     0x4  startup_stm32l476xx.o [1]
  .text              ro code   0x800'14b8     0x4  startup_stm32l476xx.o [1]
  .text              ro code   0x800'14bc     0x4  startup_stm32l476xx.o [1]
  .text              ro code   0x800'14c0     0x4  startup_stm32l476xx.o [1]
  .text              ro code   0x800'14c4     0x4  startup_stm32l476xx.o [1]
  .text              ro code   0x800'14c8     0x4  startup_stm32l476xx.o [1]
  .text              ro code   0x800'14cc     0x4  startup_stm32l476xx.o [1]
  .text              ro code   0x800'14d0     0x4  startup_stm32l476xx.o [1]
  .text              ro code   0x800'14d4     0x4  startup_stm32l476xx.o [1]
  .text              ro code   0x800'14d8     0x4  startup_stm32l476xx.o [1]
  .text              ro code   0x800'14dc     0x4  startup_stm32l476xx.o [1]
  .text              ro code   0x800'14e0     0x4  startup_stm32l476xx.o [1]
  .text              ro code   0x800'14e4     0x4  startup_stm32l476xx.o [1]
  .text              ro code   0x800'14e8     0x4  startup_stm32l476xx.o [1]
  .text              ro code   0x800'14ec     0x4  startup_stm32l476xx.o [1]
  .text              ro code   0x800'14f0     0x4  startup_stm32l476xx.o [1]
  .text              ro code   0x800'14f4     0x4  startup_stm32l476xx.o [1]
  .text              ro code   0x800'14f8     0x4  startup_stm32l476xx.o [1]
  .text              ro code   0x800'14fc     0x4  startup_stm32l476xx.o [1]
  .text              ro code   0x800'1500     0x4  startup_stm32l476xx.o [1]
  .text              ro code   0x800'1504     0x4  startup_stm32l476xx.o [1]
  .text              ro code   0x800'1508     0x4  startup_stm32l476xx.o [1]
  .text              ro code   0x800'150c     0x4  startup_stm32l476xx.o [1]
  .text              ro code   0x800'1510     0x4  startup_stm32l476xx.o [1]
  .text              ro code   0x800'1514     0x4  startup_stm32l476xx.o [1]
  .text              ro code   0x800'1518     0x4  startup_stm32l476xx.o [1]
  .text              ro code   0x800'151c     0x4  startup_stm32l476xx.o [1]
  .text              ro code   0x800'1520     0x4  startup_stm32l476xx.o [1]
  .text              ro code   0x800'1524     0x4  startup_stm32l476xx.o [1]
  .rodata            const     0x800'1528     0x0  copy_init3.o [4]
  Initializer bytes  const     0x800'1528     0xc  <for P3 s0>
                             - 0x800'1534  0x13ac

"P3", part 1 of 2:                            0xc
  P3 s0                       0x2000'0000     0xc  <Init block>
    .data            inited   0x2000'0000     0x8  XShttio.o [2]
    .data            inited   0x2000'0008     0x1  main.o [1]
                            - 0x2000'000c     0xc

"P3", part 2 of 2:                         0x2000
  CSTACK                      0x2000'0010  0x2000  <Block>
    CSTACK           uninit   0x2000'0010  0x2000  <Block tail>
                            - 0x2000'2010  0x2000

Unused ranges:

         From           To      Size
         ----           --      ----
          0x0          0x0       0x1
   0x800'1534   0x80f'ffff  0xf'eacc
  0x2000'000c  0x2000'000f       0x4
  0x2000'2010  0x2001'7fff  0x1'5ff0


*******************************************************************************
*** INIT TABLE
***

          Address      Size
          -------      ----
Copy (__iar_copy_init3)
    1 source range, total size 0xc (133% of destination):
           0x800'1528   0xc
    1 destination range, total size 0x9:
          0x2000'0000   0x9



*******************************************************************************
*** MODULE SUMMARY
***

    Module                 ro code  ro data  rw data
    ------                 -------  -------  -------
command line/config:
    ------------------------------------------------
    Total:

C:\Users\nickh\Desktop\embedded\stm32l476 drivers\Debug\Obj: [1]
    gpio_driver.o            1'536
    lcd.o                      404      476
    main.o                   1'088      107        1
    rcc_driver.o                98
    spi_driver.o               352
    startup.o                   16
    startup_stm32l476xx.o      764
    ------------------------------------------------
    Total:                   4'258      583        1

dl7M_tln.a: [2]
    XShttio.o                   12        8        8
    exit.o                       4
    low_level_init.o             4
    ------------------------------------------------
    Total:                      20        8        8

m7M_tls.a: [3]
    fpinit_M.o                  34
    ------------------------------------------------
    Total:                      34

rt7M_tl.a: [4]
    ABImemcpy.o                134
    ABImemset.o                102
    cexit.o                     10
    cmain.o                     30
    copy_init3.o                46
    cstartup_M.o                12
    data_init.o                 40
    strlen.o                    54
    ------------------------------------------------
    Total:                     428

shb_l.a: [5]
    exit.o                      20
    iarttio.o                   44
    ------------------------------------------------
    Total:                      64

    Gaps                         6        4
    Linker created                       23    8'192
----------------------------------------------------
    Grand Total:             4'810      618    8'201


*******************************************************************************
*** ENTRY LIST
***

Entry                       Address   Size  Type      Object
-----                       -------   ----  ----      ------
.iar.init_table$$Base    0x800'12d4          --   Gb  - Linker created -
.iar.init_table$$Limit   0x800'12e8          --   Gb  - Linker created -
?main                    0x800'12e9         Code  Gb  cmain.o [4]
ButtonDown_init          0x800'0913   0x36  Code  Gb  main.o [1]
ButtonEnter_init         0x800'08eb   0x28  Code  Gb  main.o [1]
ButtonUp_init            0x800'08c3   0x28  Code  Gb  main.o [1]
CSPIN_Init               0x800'0897   0x2c  Code  Gb  main.o [1]
CSTACK$$Base            0x2000'0010          --   Gb  - Linker created -
CSTACK$$Limit           0x2000'2010          --   Gb  - Linker created -
EXTI15_10_IRQHandler     0x800'0b47   0x44  Code  Gb  main.o [1]
EXTI15_10_IRQHandler::selected_option
                        0x2000'0008    0x1  Data  Lc  main.o [1]
GPIO_IRQHandling         0x800'0719   0x16  Code  Gb  gpio_driver.o [1]
GPIO_IRQInterruptConfig
                         0x800'05eb   0xf0  Code  Gb  gpio_driver.o [1]
GPIO_IRQPriorityConfig   0x800'06db   0x3e  Code  Gb  gpio_driver.o [1]
GPIO_Init                0x800'0319  0x2ae  Code  Gb  gpio_driver.o [1]
GPIO_PeripheralControl   0x800'0189  0x190  Code  Gb  gpio_driver.o [1]
GPIO_WriteToOutputPin    0x800'05c7   0x24  Code  Gb  gpio_driver.o [1]
HSI_Init                 0x800'0799   0x24  Code  Gb  main.o [1]
LCD_Select               0x800'0ea9    0xe  Code  Gb  lcd.o [1]
LCD_Unselect             0x800'0eb7    0xe  Code  Gb  lcd.o [1]
RSPIN_Init               0x800'0869   0x2e  Code  Gb  main.o [1]
RSTPIN_Init              0x800'083b   0x2e  Code  Gb  main.o [1]
Region$$Table$$Base      0x800'12d4          --   Gb  - Linker created -
Region$$Table$$Limit     0x800'12e8          --   Gb  - Linker created -
SPI2_GPIOInits           0x800'07bd   0x40  Code  Gb  main.o [1]
SPI2_Inits               0x800'07fd   0x3e  Code  Gb  main.o [1]
SPIPeripheralControl     0x800'0d35   0x1c  Code  Gb  spi_driver.o [1]
SPI_GetFlagStatus        0x800'0d6d   0x10  Code  Gb  spi_driver.o [1]
SPI_Init                 0x800'0cd9   0x5c  Code  Gb  spi_driver.o [1]
SPI_PeriClockControl     0x800'0c59   0x80  Code  Gb  spi_driver.o [1]
SPI_SSIConfig            0x800'0d51   0x1c  Code  Gb  spi_driver.o [1]
SPI_SendData             0x800'0d7d   0x28  Code  Gb  spi_driver.o [1]
SystemInit               0x800'1349   0x10  Code  Gb  startup.o [1]
__aeabi_memcpy4          0x800'0e21         Code  Gb  ABImemcpy.o [4]
__aeabi_memcpy8          0x800'0e21         Code  Gb  ABImemcpy.o [4]
__aeabi_memset           0x800'0db9         Code  Gb  ABImemset.o [4]
__cmain                  0x800'12e9         Code  Gb  cmain.o [4]
__exit                   0x800'131d   0x14  Code  Gb  exit.o [5]
__iar_Memset             0x800'0db9         Code  Gb  ABImemset.o [4]
__iar_Memset_word        0x800'0dc1         Code  Gb  ABImemset.o [4]
__iar_close_ttio         0x800'1251   0x2c  Code  Gb  iarttio.o [5]
__iar_copy_init3         0x800'0c2b   0x2e  Code  Gb  copy_init3.o [4]
__iar_data_init3         0x800'1289   0x28  Code  Gb  data_init.o [4]
__iar_init_vfp           0x800'12b1         Code  Gb  fpinit_M.o [3]
__iar_lookup_ttioh       0x800'127d    0x4  Code  Gb  XShttio.o [2]
__iar_program_start      0x800'13b1         Code  Gb  cstartup_M.o [4]
__iar_ttio_handles      0x2000'0000    0x8  Data  Lc  XShttio.o [2]
__low_level_init         0x800'1307    0x4  Code  Gb  low_level_init.o [2]
__vector_table           0x800'0000         Data  Gb  startup_stm32l476xx.o [1]
_call_main               0x800'12f5         Code  Gb  cmain.o [4]
_exit                    0x800'1311         Code  Gb  cexit.o [4]
_main                    0x800'1303         Code  Gb  cmain.o [4]
delay                    0x800'0789   0x10  Code  Gb  main.o [1]
exit                     0x800'130b    0x4  Code  Gb  exit.o [2]
font5x8                  0x800'1074  0x1dc  Data  Gb  lcd.o [1]
lcd_init                 0x800'0f29   0x66  Code  Gb  lcd.o [1]
lcd_send_command         0x800'0ec5   0x32  Code  Gb  lcd.o [1]
lcd_send_data            0x800'0ef7   0x32  Code  Gb  lcd.o [1]
lcd_set_black_background
                         0x800'1011   0x2c  Code  Gb  lcd.o [1]
lcd_set_column           0x800'0fa3   0x1e  Code  Gb  lcd.o [1]
lcd_set_page             0x800'0f8f   0x14  Code  Gb  lcd.o [1]
lcd_write_char           0x800'0fc1   0x42  Code  Gb  lcd.o [1]
main                     0x800'0949  0x1fe  Code  Gb  main.o [1]
setHSIclock              0x800'0bc9   0x62  Code  Gb  rcc_driver.o [1]
strlen                   0x800'103d         Code  Gb  strlen.o [4]


[1] = C:\Users\nickh\Desktop\embedded\stm32l476 drivers\Debug\Obj
[2] = dl7M_tln.a
[3] = m7M_tls.a
[4] = rt7M_tl.a
[5] = shb_l.a

  4'810 bytes of readonly  code memory
    618 bytes of readonly  data memory
  8'201 bytes of readwrite data memory

Errors: none
Warnings: none
