###############################################################################
#
# IAR ELF Linker V8.40.2.214/W32 for ARM                  05/Apr/2025  17:30:00
# Copyright 2007-2019 IAR Systems AB.
#
#    Output file  =
#        C:\Users\nickh\Desktop\embedded\stm32l476
#        drivers\Debug\Exe\stm32l476_drivers.out
#    Map file     =
#        C:\Users\nickh\Desktop\embedded\stm32l476
#        drivers\Debug\List\stm32l476_drivers.map
#    Command line =
#        -f C:\Users\nickh\AppData\Local\Temp\EWC70F.tmp
#        ("C:\Users\nickh\Desktop\embedded\stm32l476
#        drivers\Debug\Obj\gpio_driver.o"
#        "C:\Users\nickh\Desktop\embedded\stm32l476
#        drivers\Debug\Obj\i2c_driver.o"
#        "C:\Users\nickh\Desktop\embedded\stm32l476 drivers\Debug\Obj\main.o"
#        "C:\Users\nickh\Desktop\embedded\stm32l476
#        drivers\Debug\Obj\spi_driver.o"
#        "C:\Users\nickh\Desktop\embedded\stm32l476
#        drivers\Debug\Obj\startup.o"
#        "C:\Users\nickh\Desktop\embedded\stm32l476
#        drivers\Debug\Obj\startup_stm32l476xx.o" --no_out_extension -o
#        "C:\Users\nickh\Desktop\embedded\stm32l476
#        drivers\Debug\Exe\stm32l476_drivers.out" --redirect
#        _Printf=_PrintfFullNoMb --redirect _Scanf=_ScanfFullNoMb --map
#        "C:\Users\nickh\Desktop\embedded\stm32l476
#        drivers\Debug\List\stm32l476_drivers.map" --config "C:\Program Files
#        (x86)\IAR Systems\Embedded Workbench
#        8.3\arm\config\linker\ST\stm32l476xG.icf" --semihosting --entry
#        __iar_program_start --vfe --text_out locale)
#
###############################################################################

*******************************************************************************
*** RUNTIME MODEL ATTRIBUTES
***

CppFlavor       = *
__SystemLibrary = DLib
__dlib_version  = 6


*******************************************************************************
*** HEAP SELECTION
***

The basic heap was selected because no calls to memory allocation
functions were found in the application outside of system library
functions, and there are calls to deallocation functions in the
application.


*******************************************************************************
*** PLACEMENT SUMMARY
***

"A0":  place at address 0x800'0000 { ro section .intvec };
"P1":  place in [from 0x0 to 0x0] |
                [from 0x800'0000 to 0x80f'ffff] { ro };
define block CSTACK with size = 8K, alignment = 8 { };
define block PROC_STACK with size = 0, alignment = 8 { };
define block HEAP with size = 8K, alignment = 8 { };
"P3":  place in [from 0x2000'0000 to 0x2001'7fff] {
          rw, block CSTACK, block PROC_STACK, block HEAP };
initialize by copy { rw };

No sections matched the following patterns:

  ro section application_specific_ro  in "P2|P5"
  rw section application_specific_rw  in "P2|P5"
  section .textrw                     in "P4"


  Section            Kind         Address    Size  Object
  -------            ----         -------    ----  ------
"A0":                                       0x188
  .intvec            ro code   0x800'0000   0x188  startup_stm32l476xx.o [1]
                             - 0x800'0188   0x188

"P1":                                      0x2908
  .text              ro code   0x800'0188   0xfaa  xprintffull_nomb.o [2]
  .text              ro code   0x800'1132    0x2e  copy_init3.o [4]
  .text              ro code   0x800'1160    0x16  strchr.o [4]
  .text              ro code   0x800'1178    0x40  xfail_s.o [2]
  .text              ro code   0x800'11b8    0x36  strlen.o [4]
  .text              ro code   0x800'11f0    0x58  memchr.o [4]
  .text              ro code   0x800'1248    0xa6  ABImemcpy.o [4]
  .text              ro code   0x800'12f0    0x70  frexp.o [3]
  .text              ro code   0x800'1360    0x2e  DblCmpLe.o [3]
  .text              ro code   0x800'1390    0x2e  DblCmpGe.o [3]
  .text              ro code   0x800'13c0   0x13a  ldexp.o [3]
  .text              ro code   0x800'14fc    0x3a  DblToS32.o [3]
  .text              ro code   0x800'1538    0x22  S32ToDbl.o [3]
  .text              ro code   0x800'155c    0xe2  DblSub.o [3]
  .text              ro code   0x800'1640   0x246  DblDiv.o [3]
  .text              ro code   0x800'1888    0x28  DblToU32.o [3]
  .text              ro code   0x800'18b0    0x1a  U32ToDbl.o [3]
  .text              ro code   0x800'18cc   0x1a2  DblMul.o [3]
  .text              ro code   0x800'1a70   0x230  I64DivMod.o [4]
  .text              ro code   0x800'1ca0     0x6  abort.o [2]
  .text              ro code   0x800'1ca8   0x16a  DblAdd.o [3]
  .text              ro code   0x800'1e14     0x2  I64DivZer.o [4]
  .text              ro code   0x800'1e18    0x14  exit.o [5]
  .text              ro code   0x800'1e2c    0x7c  iarttio.o [5]
  .text              ro code   0x800'1ea8    0x3c  XShttio.o [2]
  .text              ro code   0x800'1ee4   0x488  gpio_driver.o [1]
  .text              ro code   0x800'236c   0x278  i2c_driver.o [1]
  .text              ro code   0x800'25e4    0x28  printf.o [2]
  .text              ro code   0x800'260c   0x120  main.o [1]
  .rodata            const     0x800'272c    0x48  i2c_driver.o [1]
  .text              ro code   0x800'2774    0x28  data_init.o [4]
  .text              ro code   0x800'279c    0x22  fpinit_M.o [3]
  .text              ro code   0x800'27be    0x22  iarwrite.o [5]
  .iar.init_table    const     0x800'27e0    0x14  - Linker created -
  .text              ro code   0x800'27f4    0x20  putchar.o [2]
  .text              ro code   0x800'2814    0x10  write.o [5]
  .text              ro code   0x800'2824    0x1e  dwrite.o [5]
  .text              ro code   0x800'2842    0x20  iarwstd.o [5]
  .text              ro code   0x800'2864    0x1e  cmain.o [4]
  .text              ro code   0x800'2882     0x4  low_level_init.o [2]
  .text              ro code   0x800'2886     0x4  exit.o [2]
  .text              ro code   0x800'288c     0xa  cexit.o [4]
  .text              ro code   0x800'2896    0x16  xprout.o [2]
  .text              ro code   0x800'28ac    0x10  startup.o [1]
  .text              ro code   0x800'28bc    0x10  startup_stm32l476xx.o [1]
  .rodata            const     0x800'28cc     0xc  main.o [1]
  .text              ro code   0x800'28d8     0xc  cstartup_M.o [4]
  .rodata            const     0x800'28e4     0x8  xprintffull_nomb.o [2]
  .text              ro code   0x800'28ec     0x4  startup_stm32l476xx.o [1]
  .text              ro code   0x800'28f0     0x4  startup_stm32l476xx.o [1]
  .text              ro code   0x800'28f4     0x4  startup_stm32l476xx.o [1]
  .text              ro code   0x800'28f8     0x4  startup_stm32l476xx.o [1]
  .text              ro code   0x800'28fc     0x4  startup_stm32l476xx.o [1]
  .text              ro code   0x800'2900     0x4  startup_stm32l476xx.o [1]
  .text              ro code   0x800'2904     0x4  startup_stm32l476xx.o [1]
  .text              ro code   0x800'2908     0x4  startup_stm32l476xx.o [1]
  .text              ro code   0x800'290c     0x4  startup_stm32l476xx.o [1]
  .text              ro code   0x800'2910     0x4  startup_stm32l476xx.o [1]
  .text              ro code   0x800'2914     0x4  startup_stm32l476xx.o [1]
  .text              ro code   0x800'2918     0x4  startup_stm32l476xx.o [1]
  .text              ro code   0x800'291c     0x4  startup_stm32l476xx.o [1]
  .text              ro code   0x800'2920     0x4  startup_stm32l476xx.o [1]
  .text              ro code   0x800'2924     0x4  startup_stm32l476xx.o [1]
  .text              ro code   0x800'2928     0x4  startup_stm32l476xx.o [1]
  .text              ro code   0x800'292c     0x4  startup_stm32l476xx.o [1]
  .text              ro code   0x800'2930     0x4  startup_stm32l476xx.o [1]
  .text              ro code   0x800'2934     0x4  startup_stm32l476xx.o [1]
  .text              ro code   0x800'2938     0x4  startup_stm32l476xx.o [1]
  .text              ro code   0x800'293c     0x4  startup_stm32l476xx.o [1]
  .text              ro code   0x800'2940     0x4  startup_stm32l476xx.o [1]
  .text              ro code   0x800'2944     0x4  startup_stm32l476xx.o [1]
  .text              ro code   0x800'2948     0x4  startup_stm32l476xx.o [1]
  .text              ro code   0x800'294c     0x4  startup_stm32l476xx.o [1]
  .text              ro code   0x800'2950     0x4  startup_stm32l476xx.o [1]
  .text              ro code   0x800'2954     0x4  startup_stm32l476xx.o [1]
  .text              ro code   0x800'2958     0x4  startup_stm32l476xx.o [1]
  .text              ro code   0x800'295c     0x4  startup_stm32l476xx.o [1]
  .text              ro code   0x800'2960     0x4  startup_stm32l476xx.o [1]
  .text              ro code   0x800'2964     0x4  startup_stm32l476xx.o [1]
  .text              ro code   0x800'2968     0x4  startup_stm32l476xx.o [1]
  .text              ro code   0x800'296c     0x4  startup_stm32l476xx.o [1]
  .text              ro code   0x800'2970     0x4  startup_stm32l476xx.o [1]
  .text              ro code   0x800'2974     0x4  startup_stm32l476xx.o [1]
  .text              ro code   0x800'2978     0x4  startup_stm32l476xx.o [1]
  .text              ro code   0x800'297c     0x4  startup_stm32l476xx.o [1]
  .text              ro code   0x800'2980     0x4  startup_stm32l476xx.o [1]
  .text              ro code   0x800'2984     0x4  startup_stm32l476xx.o [1]
  .text              ro code   0x800'2988     0x4  startup_stm32l476xx.o [1]
  .text              ro code   0x800'298c     0x4  startup_stm32l476xx.o [1]
  .text              ro code   0x800'2990     0x4  startup_stm32l476xx.o [1]
  .text              ro code   0x800'2994     0x4  startup_stm32l476xx.o [1]
  .text              ro code   0x800'2998     0x4  startup_stm32l476xx.o [1]
  .text              ro code   0x800'299c     0x4  startup_stm32l476xx.o [1]
  .text              ro code   0x800'29a0     0x4  startup_stm32l476xx.o [1]
  .text              ro code   0x800'29a4     0x4  startup_stm32l476xx.o [1]
  .text              ro code   0x800'29a8     0x4  startup_stm32l476xx.o [1]
  .text              ro code   0x800'29ac     0x4  startup_stm32l476xx.o [1]
  .text              ro code   0x800'29b0     0x4  startup_stm32l476xx.o [1]
  .text              ro code   0x800'29b4     0x4  startup_stm32l476xx.o [1]
  .text              ro code   0x800'29b8     0x4  startup_stm32l476xx.o [1]
  .text              ro code   0x800'29bc     0x4  startup_stm32l476xx.o [1]
  .text              ro code   0x800'29c0     0x4  startup_stm32l476xx.o [1]
  .text              ro code   0x800'29c4     0x4  startup_stm32l476xx.o [1]
  .text              ro code   0x800'29c8     0x4  startup_stm32l476xx.o [1]
  .text              ro code   0x800'29cc     0x4  startup_stm32l476xx.o [1]
  .text              ro code   0x800'29d0     0x4  startup_stm32l476xx.o [1]
  .text              ro code   0x800'29d4     0x4  startup_stm32l476xx.o [1]
  .text              ro code   0x800'29d8     0x4  startup_stm32l476xx.o [1]
  .text              ro code   0x800'29dc     0x4  startup_stm32l476xx.o [1]
  .text              ro code   0x800'29e0     0x4  startup_stm32l476xx.o [1]
  .text              ro code   0x800'29e4     0x4  startup_stm32l476xx.o [1]
  .text              ro code   0x800'29e8     0x4  startup_stm32l476xx.o [1]
  .text              ro code   0x800'29ec     0x4  startup_stm32l476xx.o [1]
  .text              ro code   0x800'29f0     0x4  startup_stm32l476xx.o [1]
  .text              ro code   0x800'29f4     0x4  startup_stm32l476xx.o [1]
  .text              ro code   0x800'29f8     0x4  startup_stm32l476xx.o [1]
  .text              ro code   0x800'29fc     0x4  startup_stm32l476xx.o [1]
  .text              ro code   0x800'2a00     0x4  startup_stm32l476xx.o [1]
  .text              ro code   0x800'2a04     0x4  startup_stm32l476xx.o [1]
  .text              ro code   0x800'2a08     0x4  startup_stm32l476xx.o [1]
  .text              ro code   0x800'2a0c     0x4  startup_stm32l476xx.o [1]
  .text              ro code   0x800'2a10     0x4  startup_stm32l476xx.o [1]
  .text              ro code   0x800'2a14     0x4  startup_stm32l476xx.o [1]
  .text              ro code   0x800'2a18     0x4  startup_stm32l476xx.o [1]
  .text              ro code   0x800'2a1c     0x4  startup_stm32l476xx.o [1]
  .text              ro code   0x800'2a20     0x4  startup_stm32l476xx.o [1]
  .text              ro code   0x800'2a24     0x4  startup_stm32l476xx.o [1]
  .text              ro code   0x800'2a28     0x4  startup_stm32l476xx.o [1]
  .text              ro code   0x800'2a2c     0x4  startup_stm32l476xx.o [1]
  .text              ro code   0x800'2a30     0x4  startup_stm32l476xx.o [1]
  .text              ro code   0x800'2a34     0x4  startup_stm32l476xx.o [1]
  .text              ro code   0x800'2a38     0x4  startup_stm32l476xx.o [1]
  .text              ro code   0x800'2a3c     0x4  startup_stm32l476xx.o [1]
  .text              ro code   0x800'2a40     0x4  startup_stm32l476xx.o [1]
  .text              ro code   0x800'2a44     0x4  startup_stm32l476xx.o [1]
  .text              ro code   0x800'2a48     0x4  startup_stm32l476xx.o [1]
  .text              ro code   0x800'2a4c     0x4  startup_stm32l476xx.o [1]
  .text              ro code   0x800'2a50     0x4  startup_stm32l476xx.o [1]
  .rodata            const     0x800'2a54     0x0  copy_init3.o [4]
  Initializer bytes  const     0x800'2a54    0x3c  <for P3 s0>
                             - 0x800'2a90  0x2908

"P3", part 1 of 2:                           0x3c
  P3 s0                       0x2000'0000    0x3c  <Init block>
    .bss             inited   0x2000'0000    0x2c  main.o [1]
    .data            inited   0x2000'002c     0x8  XShttio.o [2]
    .bss             inited   0x2000'0034     0x4  xfail_s.o [2]
    .bss             inited   0x2000'0038     0x1  XShttio.o [2]
                            - 0x2000'003c    0x3c

"P3", part 2 of 2:                         0x2000
  CSTACK                      0x2000'0040  0x2000  <Block>
    CSTACK           uninit   0x2000'0040  0x2000  <Block tail>
                            - 0x2000'2040  0x2000

Unused ranges:

         From           To      Size
         ----           --      ----
          0x0          0x0       0x1
   0x800'2a90   0x80f'ffff  0xf'd570
  0x2000'003c  0x2000'003f       0x4
  0x2000'2040  0x2001'7fff  0x1'5fc0


*******************************************************************************
*** INIT TABLE
***

          Address      Size
          -------      ----
Copy (__iar_copy_init3)
    1 source range, total size 0x3c (105% of destination):
           0x800'2a54  0x3c
    1 destination range, total size 0x39:
          0x2000'0000  0x39



*******************************************************************************
*** MODULE SUMMARY
***

    Module                 ro code  ro data  rw data
    ------                 -------  -------  -------
command line/config:
    ------------------------------------------------
    Total:

C:\Users\nickh\Desktop\embedded\stm32l476 drivers\Debug\Obj: [1]
    gpio_driver.o            1'160
    i2c_driver.o               632       72
    main.o                     288       56       44
    startup.o                   16
    startup_stm32l476xx.o      768
    ------------------------------------------------
    Total:                   2'864      128       44

dl7M_tln.a: [2]
    XShttio.o                   60        9        9
    abort.o                      6
    exit.o                       4
    low_level_init.o             4
    printf.o                    40
    putchar.o                   32
    xfail_s.o                   64        4        4
    xprintffull_nomb.o       4'010        8
    xprout.o                    22
    ------------------------------------------------
    Total:                   4'242       21       13

m7M_tls.a: [3]
    DblAdd.o                   362
    DblCmpGe.o                  46
    DblCmpLe.o                  46
    DblDiv.o                   582
    DblMul.o                   418
    DblSub.o                   226
    DblToS32.o                  58
    DblToU32.o                  40
    S32ToDbl.o                  34
    U32ToDbl.o                  26
    fpinit_M.o                  34
    frexp.o                    112
    ldexp.o                    314
    ------------------------------------------------
    Total:                   2'298

rt7M_tl.a: [4]
    ABImemcpy.o                166
    I64DivMod.o                560
    I64DivZer.o                  2
    cexit.o                     10
    cmain.o                     30
    copy_init3.o                46
    cstartup_M.o                12
    data_init.o                 40
    memchr.o                    88
    strchr.o                    22
    strlen.o                    54
    ------------------------------------------------
    Total:                   1'030

shb_l.a: [5]
    dwrite.o                    30
    exit.o                      20
    iarttio.o                  124
    iarwrite.o                  34
    iarwstd.o                   32
    write.o                     16
    ------------------------------------------------
    Total:                     256

    Gaps                        34
    Linker created                       23    8'192
----------------------------------------------------
    Grand Total:            10'724      172    8'249


*******************************************************************************
*** ENTRY LIST
***

Entry                       Address   Size  Type      Object
-----                       -------   ----  ----      ------
.iar.init_table$$Base    0x800'27e0          --   Gb  - Linker created -
.iar.init_table$$Limit   0x800'27f4          --   Gb  - Linker created -
?main                    0x800'2865         Code  Gb  cmain.o [4]
Button_init              0x800'2673   0x26  Code  Gb  main.o [1]
CSTACK$$Base            0x2000'0040          --   Gb  - Linker created -
CSTACK$$Limit           0x2000'2040          --   Gb  - Linker created -
GPIO_Init                0x800'2075  0x2ae  Code  Gb  gpio_driver.o [1]
GPIO_PeripheralControl   0x800'1ee5  0x190  Code  Gb  gpio_driver.o [1]
GPIO_ReadFromInputPin    0x800'2323   0x10  Code  Gb  gpio_driver.o [1]
I2C1Handle              0x2000'0000   0x2c  Data  Gb  main.o [1]
I2C1_GPIOInits           0x800'261b   0x3e  Code  Gb  main.o [1]
I2C_GenerateStartCondition
                         0x800'24e3    0xa  Code  Lc  i2c_driver.o [1]
I2C_GenerateStopCondition
                         0x800'24ed    0xa  Code  Lc  i2c_driver.o [1]
I2C_Init                 0x800'2415   0x38  Code  Gb  i2c_driver.o [1]
I2C_Inits                0x800'2659   0x1a  Code  Gb  main.o [1]
I2C_MasterSendData       0x800'244d   0x96  Code  Gb  i2c_driver.o [1]
I2C_PeriClockControl     0x800'2389   0x8c  Code  Gb  i2c_driver.o [1]
I2C_PeripheralControl    0x800'236d   0x1c  Code  Gb  i2c_driver.o [1]
LED_Init                 0x800'2699   0x2e  Code  Gb  main.o [1]
Region$$Table$$Base      0x800'27e0          --   Gb  - Linker created -
Region$$Table$$Limit     0x800'27f4          --   Gb  - Linker created -
SystemInit               0x800'28ad   0x10  Code  Gb  startup.o [1]
_LitobFullNoMb           0x800'0f2d  0x10a  Code  Lc  xprintffull_nomb.o [2]
_PrintfFullNoMb          0x800'0189  0xd80  Code  Gb  xprintffull_nomb.o [2]
_Prout                   0x800'2897   0x16  Code  Gb  xprout.o [2]
_PutcharFullNoMb         0x800'109d   0x20  Code  Lc  xprintffull_nomb.o [2]
_PutcharsFullNoMb        0x800'10bd   0x2e  Code  Lc  xprintffull_nomb.o [2]
__aeabi_cdcmple          0x800'1361         Code  Gb  DblCmpLe.o [3]
__aeabi_cdrcmple         0x800'1391         Code  Gb  DblCmpGe.o [3]
__aeabi_d2iz             0x800'14fd         Code  Gb  DblToS32.o [3]
__aeabi_d2uiz            0x800'1889         Code  Gb  DblToU32.o [3]
__aeabi_ddiv             0x800'1641         Code  Gb  DblDiv.o [3]
__aeabi_dmul             0x800'18cd         Code  Gb  DblMul.o [3]
__aeabi_dsub             0x800'155d         Code  Gb  DblSub.o [3]
__aeabi_i2d              0x800'1539         Code  Gb  S32ToDbl.o [3]
__aeabi_ldiv0            0x800'1e15         Code  Gb  I64DivZer.o [4]
__aeabi_memcpy           0x800'1249         Code  Gb  ABImemcpy.o [4]
__aeabi_memcpy4          0x800'1269         Code  Gb  ABImemcpy.o [4]
__aeabi_memcpy8          0x800'1269         Code  Gb  ABImemcpy.o [4]
__aeabi_ui2d             0x800'18b1         Code  Gb  U32ToDbl.o [3]
__aeabi_uldivmod         0x800'1a71         Code  Gb  I64DivMod.o [4]
__cmain                  0x800'2865         Code  Gb  cmain.o [4]
__dwrite                 0x800'2825   0x1e  Code  Gb  dwrite.o [5]
__exit                   0x800'1e19   0x14  Code  Gb  exit.o [5]
__iar_Fail_s             0x800'1179   0x1c  Code  Gb  xfail_s.o [2]
__iar_Memchr             0x800'11f1         Code  Gb  memchr.o [4]
__iar_Strchr             0x800'1161         Code  Gb  strchr.o [4]
__iar_close_ttio         0x800'1e2d   0x2c  Code  Gb  iarttio.o [5]
__iar_copy_init3         0x800'1133   0x2e  Code  Gb  copy_init3.o [4]
__iar_dadd               0x800'156d         Code  Gb  DblSub.o [3]
__iar_data_init3         0x800'2775   0x28  Code  Gb  data_init.o [4]
__iar_dsub               0x800'1ca9         Code  Gb  DblAdd.o [3]
__iar_dsubStart          0x800'1cbb         Code  Gb  DblAdd.o [3]
__iar_frexp              0x800'12fd         Code  Gb  frexp.o [3]
__iar_frexpl             0x800'12fd         Code  Gb  frexp.o [3]
__iar_get_ttio           0x800'1e59   0x4c  Code  Gb  iarttio.o [5]
__iar_init_vfp           0x800'279d         Code  Gb  fpinit_M.o [3]
__iar_ldexp64            0x800'13c1         Code  Gb  ldexp.o [3]
__iar_lookup_ttioh       0x800'1ed7    0x4  Code  Gb  XShttio.o [2]
__iar_program_start      0x800'28d9         Code  Gb  cstartup_M.o [4]
__iar_scalbln64          0x800'13c1         Code  Gb  ldexp.o [3]
__iar_scalbn64           0x800'13c1         Code  Gb  ldexp.o [3]
__iar_sh_stdout          0x800'2843   0x20  Code  Gb  iarwstd.o [5]
__iar_sh_write           0x800'27bf   0x22  Code  Gb  iarwrite.o [5]
__iar_softfp___iar_frexp64
                         0x800'12f1         Code  Gb  frexp.o [3]
__iar_softfp_frexp       0x800'12f1         Code  Gb  frexp.o [3]
__iar_softfp_frexpl      0x800'12f1         Code  Gb  frexp.o [3]
__iar_ttio_guard_lock    0x800'1ea9   0x1e  Code  Gb  XShttio.o [2]
__iar_ttio_guard_unlock
                         0x800'1ec7   0x10  Code  Gb  XShttio.o [2]
__iar_ttio_handles      0x2000'002c    0x8  Data  Lc  XShttio.o [2]
__low_level_init         0x800'2883    0x4  Code  Gb  low_level_init.o [2]
__vector_table           0x800'0000         Data  Gb  startup_stm32l476xx.o [1]
__write                  0x800'2815   0x10  Code  Gb  write.o [5]
_call_main               0x800'2871         Code  Gb  cmain.o [4]
_exit                    0x800'288d         Code  Gb  cexit.o [4]
_main                    0x800'287f         Code  Gb  cmain.o [4]
abort                    0x800'1ca1    0x6  Code  Gb  abort.o [2]
delay                    0x800'260d    0xe  Code  Gb  main.o [1]
exit                     0x800'2887    0x4  Code  Gb  exit.o [2]
ldexp                    0x800'13c1         Code  Gb  ldexp.o [3]
ldexpl                   0x800'13c1         Code  Gb  ldexp.o [3]
main                     0x800'26c7   0x4e  Code  Gb  main.o [1]
memchr                   0x800'11f1         Code  Gb  memchr.o [4]
printf                   0x800'25e5   0x28  Code  Gb  printf.o [2]
putchar                  0x800'27f5   0x20  Code  Gb  putchar.o [2]
scalbln                  0x800'13c1         Code  Gb  ldexp.o [3]
scalblnl                 0x800'13c1         Code  Gb  ldexp.o [3]
scalbn                   0x800'13c1         Code  Gb  ldexp.o [3]
scalbnl                  0x800'13c1         Code  Gb  ldexp.o [3]
scale                    0x800'1037   0x46  Code  Lc  xprintffull_nomb.o [2]
sec_hand                0x2000'0034    0x4  Data  Lc  xfail_s.o [2]
setHSIclock              0x800'25a1   0x26  Code  Lc  i2c_driver.o [1]
strchr                   0x800'1161         Code  Gb  strchr.o [4]
strlen                   0x800'11b9         Code  Gb  strlen.o [4]
timingSettings           0x800'24f7   0xaa  Code  Lc  i2c_driver.o [1]
ttio_guard              0x2000'0038    0x1  Data  Lc  XShttio.o [2]


[1] = C:\Users\nickh\Desktop\embedded\stm32l476 drivers\Debug\Obj
[2] = dl7M_tln.a
[3] = m7M_tls.a
[4] = rt7M_tl.a
[5] = shb_l.a

  10'724 bytes of readonly  code memory
     172 bytes of readonly  data memory
   8'249 bytes of readwrite data memory

Errors: none
Warnings: none
